<?xml version="1.0"?>
<link_info>
   <banner>TI ARM Linker PC v5.2.5</banner>
   <copyright>Copyright (c) 1996-2015 Texas Instruments Incorporated</copyright>
   <link_time>0x563ecf91</link_time>
   <link_errors>0x0</link_errors>
   <output_file>ptd_senior_prog.out</output_file>
   <entry_point>
      <name>_c_int00</name>
      <address>0x2865</address>
   </entry_point>
   <input_file_list>
      <input_file id="fl-2">
         <path>.\</path>
         <kind>object</kind>
         <file>ptd_driver.obj</file>
         <name>ptd_driver.obj</name>
      </input_file>
      <input_file id="fl-3">
         <path>.\</path>
         <kind>object</kind>
         <file>startup_ccs.obj</file>
         <name>startup_ccs.obj</name>
      </input_file>
      <input_file id="fl-12a">
         <path>C:\CCS_v6\ccsv6\tools\compiler\ti-cgt-arm_5.2.5\lib\</path>
         <kind>archive</kind>
         <file>rtsv7M4_T_le_v4SPD16_eabi.lib</file>
         <name>boot.obj</name>
      </input_file>
      <input_file id="fl-12b">
         <path>C:\CCS_v6\ccsv6\tools\compiler\ti-cgt-arm_5.2.5\lib\</path>
         <kind>archive</kind>
         <file>rtsv7M4_T_le_v4SPD16_eabi.lib</file>
         <name>copy_decompress_none.obj</name>
      </input_file>
      <input_file id="fl-12c">
         <path>C:\CCS_v6\ccsv6\tools\compiler\ti-cgt-arm_5.2.5\lib\</path>
         <kind>archive</kind>
         <file>rtsv7M4_T_le_v4SPD16_eabi.lib</file>
         <name>copy_decompress_rle.obj</name>
      </input_file>
      <input_file id="fl-12d">
         <path>C:\CCS_v6\ccsv6\tools\compiler\ti-cgt-arm_5.2.5\lib\</path>
         <kind>archive</kind>
         <file>rtsv7M4_T_le_v4SPD16_eabi.lib</file>
         <name>copy_zero_init.obj</name>
      </input_file>
      <input_file id="fl-12e">
         <path>C:\CCS_v6\ccsv6\tools\compiler\ti-cgt-arm_5.2.5\lib\</path>
         <kind>archive</kind>
         <file>rtsv7M4_T_le_v4SPD16_eabi.lib</file>
         <name>exit.obj</name>
      </input_file>
      <input_file id="fl-12f">
         <path>C:\CCS_v6\ccsv6\tools\compiler\ti-cgt-arm_5.2.5\lib\</path>
         <kind>archive</kind>
         <file>rtsv7M4_T_le_v4SPD16_eabi.lib</file>
         <name>memcpy_t2.obj</name>
      </input_file>
      <input_file id="fl-130">
         <path>C:\CCS_v6\ccsv6\tools\compiler\ti-cgt-arm_5.2.5\lib\</path>
         <kind>archive</kind>
         <file>rtsv7M4_T_le_v4SPD16_eabi.lib</file>
         <name>memory.obj</name>
      </input_file>
      <input_file id="fl-131">
         <path>C:\CCS_v6\ccsv6\tools\compiler\ti-cgt-arm_5.2.5\lib\</path>
         <kind>archive</kind>
         <file>rtsv7M4_T_le_v4SPD16_eabi.lib</file>
         <name>memset_t2.obj</name>
      </input_file>
      <input_file id="fl-132">
         <path>C:\CCS_v6\ccsv6\tools\compiler\ti-cgt-arm_5.2.5\lib\</path>
         <kind>archive</kind>
         <file>rtsv7M4_T_le_v4SPD16_eabi.lib</file>
         <name>pre_init.obj</name>
      </input_file>
      <input_file id="fl-133">
         <path>C:\CCS_v6\ccsv6\tools\compiler\ti-cgt-arm_5.2.5\lib\</path>
         <kind>archive</kind>
         <file>rtsv7M4_T_le_v4SPD16_eabi.lib</file>
         <name>printf.obj</name>
      </input_file>
      <input_file id="fl-134">
         <path>C:\CCS_v6\ccsv6\tools\compiler\ti-cgt-arm_5.2.5\lib\</path>
         <kind>archive</kind>
         <file>rtsv7M4_T_le_v4SPD16_eabi.lib</file>
         <name>sprintf.obj</name>
      </input_file>
      <input_file id="fl-135">
         <path>C:\CCS_v6\ccsv6\tools\compiler\ti-cgt-arm_5.2.5\lib\</path>
         <kind>archive</kind>
         <file>rtsv7M4_T_le_v4SPD16_eabi.lib</file>
         <name>stkdepth_vars.obj</name>
      </input_file>
      <input_file id="fl-136">
         <path>C:\CCS_v6\ccsv6\tools\compiler\ti-cgt-arm_5.2.5\lib\</path>
         <kind>archive</kind>
         <file>rtsv7M4_T_le_v4SPD16_eabi.lib</file>
         <name>strcat.obj</name>
      </input_file>
      <input_file id="fl-137">
         <path>C:\CCS_v6\ccsv6\tools\compiler\ti-cgt-arm_5.2.5\lib\</path>
         <kind>archive</kind>
         <file>rtsv7M4_T_le_v4SPD16_eabi.lib</file>
         <name>strcmp.obj</name>
      </input_file>
      <input_file id="fl-138">
         <path>C:\CCS_v6\ccsv6\tools\compiler\ti-cgt-arm_5.2.5\lib\</path>
         <kind>archive</kind>
         <file>rtsv7M4_T_le_v4SPD16_eabi.lib</file>
         <name>strcpy.obj</name>
      </input_file>
      <input_file id="fl-139">
         <path>C:\CCS_v6\ccsv6\tools\compiler\ti-cgt-arm_5.2.5\lib\</path>
         <kind>archive</kind>
         <file>rtsv7M4_T_le_v4SPD16_eabi.lib</file>
         <name>strlen.obj</name>
      </input_file>
      <input_file id="fl-13a">
         <path>C:\CCS_v6\ccsv6\tools\compiler\ti-cgt-arm_5.2.5\lib\</path>
         <kind>archive</kind>
         <file>rtsv7M4_T_le_v4SPD16_eabi.lib</file>
         <name>strpbrk.obj</name>
      </input_file>
      <input_file id="fl-13b">
         <path>C:\CCS_v6\ccsv6\tools\compiler\ti-cgt-arm_5.2.5\lib\</path>
         <kind>archive</kind>
         <file>rtsv7M4_T_le_v4SPD16_eabi.lib</file>
         <name>_lock.obj</name>
      </input_file>
      <input_file id="fl-13c">
         <path>C:\CCS_v6\ccsv6\tools\compiler\ti-cgt-arm_5.2.5\lib\</path>
         <kind>archive</kind>
         <file>rtsv7M4_T_le_v4SPD16_eabi.lib</file>
         <name>_printfi.obj</name>
      </input_file>
      <input_file id="fl-13d">
         <path>C:\CCS_v6\ccsv6\tools\compiler\ti-cgt-arm_5.2.5\lib\</path>
         <kind>archive</kind>
         <file>rtsv7M4_T_le_v4SPD16_eabi.lib</file>
         <name>args_main.obj</name>
      </input_file>
      <input_file id="fl-13e">
         <path>C:\CCS_v6\ccsv6\tools\compiler\ti-cgt-arm_5.2.5\lib\</path>
         <kind>archive</kind>
         <file>rtsv7M4_T_le_v4SPD16_eabi.lib</file>
         <name>atoi.obj</name>
      </input_file>
      <input_file id="fl-13f">
         <path>C:\CCS_v6\ccsv6\tools\compiler\ti-cgt-arm_5.2.5\lib\</path>
         <kind>archive</kind>
         <file>rtsv7M4_T_le_v4SPD16_eabi.lib</file>
         <name>autoinit.obj</name>
      </input_file>
      <input_file id="fl-140">
         <path>C:\CCS_v6\ccsv6\tools\compiler\ti-cgt-arm_5.2.5\lib\</path>
         <kind>archive</kind>
         <file>rtsv7M4_T_le_v4SPD16_eabi.lib</file>
         <name>cpy_tbl.obj</name>
      </input_file>
      <input_file id="fl-141">
         <path>C:\CCS_v6\ccsv6\tools\compiler\ti-cgt-arm_5.2.5\lib\</path>
         <kind>archive</kind>
         <file>rtsv7M4_T_le_v4SPD16_eabi.lib</file>
         <name>ctype.obj</name>
      </input_file>
      <input_file id="fl-142">
         <path>C:\CCS_v6\ccsv6\tools\compiler\ti-cgt-arm_5.2.5\lib\</path>
         <kind>archive</kind>
         <file>rtsv7M4_T_le_v4SPD16_eabi.lib</file>
         <name>defs.obj</name>
      </input_file>
      <input_file id="fl-143">
         <path>C:\CCS_v6\ccsv6\tools\compiler\ti-cgt-arm_5.2.5\lib\</path>
         <kind>archive</kind>
         <file>rtsv7M4_T_le_v4SPD16_eabi.lib</file>
         <name>fd_add_t2.obj</name>
      </input_file>
      <input_file id="fl-144">
         <path>C:\CCS_v6\ccsv6\tools\compiler\ti-cgt-arm_5.2.5\lib\</path>
         <kind>archive</kind>
         <file>rtsv7M4_T_le_v4SPD16_eabi.lib</file>
         <name>fd_cmp_t2.obj</name>
      </input_file>
      <input_file id="fl-145">
         <path>C:\CCS_v6\ccsv6\tools\compiler\ti-cgt-arm_5.2.5\lib\</path>
         <kind>archive</kind>
         <file>rtsv7M4_T_le_v4SPD16_eabi.lib</file>
         <name>fd_div_t2.obj</name>
      </input_file>
      <input_file id="fl-146">
         <path>C:\CCS_v6\ccsv6\tools\compiler\ti-cgt-arm_5.2.5\lib\</path>
         <kind>archive</kind>
         <file>rtsv7M4_T_le_v4SPD16_eabi.lib</file>
         <name>fd_mul_t2.obj</name>
      </input_file>
      <input_file id="fl-147">
         <path>C:\CCS_v6\ccsv6\tools\compiler\ti-cgt-arm_5.2.5\lib\</path>
         <kind>archive</kind>
         <file>rtsv7M4_T_le_v4SPD16_eabi.lib</file>
         <name>fd_toi_t2.obj</name>
      </input_file>
      <input_file id="fl-148">
         <path>C:\CCS_v6\ccsv6\tools\compiler\ti-cgt-arm_5.2.5\lib\</path>
         <kind>archive</kind>
         <file>rtsv7M4_T_le_v4SPD16_eabi.lib</file>
         <name>fputc.obj</name>
      </input_file>
      <input_file id="fl-149">
         <path>C:\CCS_v6\ccsv6\tools\compiler\ti-cgt-arm_5.2.5\lib\</path>
         <kind>archive</kind>
         <file>rtsv7M4_T_le_v4SPD16_eabi.lib</file>
         <name>fputs.obj</name>
      </input_file>
      <input_file id="fl-14a">
         <path>C:\CCS_v6\ccsv6\tools\compiler\ti-cgt-arm_5.2.5\lib\</path>
         <kind>archive</kind>
         <file>rtsv7M4_T_le_v4SPD16_eabi.lib</file>
         <name>frexp.obj</name>
      </input_file>
      <input_file id="fl-14b">
         <path>C:\CCS_v6\ccsv6\tools\compiler\ti-cgt-arm_5.2.5\lib\</path>
         <kind>archive</kind>
         <file>rtsv7M4_T_le_v4SPD16_eabi.lib</file>
         <name>i_tofd_t2.obj</name>
      </input_file>
      <input_file id="fl-14c">
         <path>C:\CCS_v6\ccsv6\tools\compiler\ti-cgt-arm_5.2.5\lib\</path>
         <kind>archive</kind>
         <file>rtsv7M4_T_le_v4SPD16_eabi.lib</file>
         <name>ldexp.obj</name>
      </input_file>
      <input_file id="fl-14d">
         <path>C:\CCS_v6\ccsv6\tools\compiler\ti-cgt-arm_5.2.5\lib\</path>
         <kind>archive</kind>
         <file>rtsv7M4_T_le_v4SPD16_eabi.lib</file>
         <name>lowlev.obj</name>
      </input_file>
      <input_file id="fl-14e">
         <path>C:\CCS_v6\ccsv6\tools\compiler\ti-cgt-arm_5.2.5\lib\</path>
         <kind>archive</kind>
         <file>rtsv7M4_T_le_v4SPD16_eabi.lib</file>
         <name>ltoa.obj</name>
      </input_file>
      <input_file id="fl-14f">
         <path>C:\CCS_v6\ccsv6\tools\compiler\ti-cgt-arm_5.2.5\lib\</path>
         <kind>archive</kind>
         <file>rtsv7M4_T_le_v4SPD16_eabi.lib</file>
         <name>memccpy.obj</name>
      </input_file>
      <input_file id="fl-150">
         <path>C:\CCS_v6\ccsv6\tools\compiler\ti-cgt-arm_5.2.5\lib\</path>
         <kind>archive</kind>
         <file>rtsv7M4_T_le_v4SPD16_eabi.lib</file>
         <name>memchr.obj</name>
      </input_file>
      <input_file id="fl-151">
         <path>C:\CCS_v6\ccsv6\tools\compiler\ti-cgt-arm_5.2.5\lib\</path>
         <kind>archive</kind>
         <file>rtsv7M4_T_le_v4SPD16_eabi.lib</file>
         <name>strchr.obj</name>
      </input_file>
      <input_file id="fl-152">
         <path>C:\CCS_v6\ccsv6\tools\compiler\ti-cgt-arm_5.2.5\lib\</path>
         <kind>archive</kind>
         <file>rtsv7M4_T_le_v4SPD16_eabi.lib</file>
         <name>strncpy.obj</name>
      </input_file>
      <input_file id="fl-153">
         <path>C:\CCS_v6\ccsv6\tools\compiler\ti-cgt-arm_5.2.5\lib\</path>
         <kind>archive</kind>
         <file>rtsv7M4_T_le_v4SPD16_eabi.lib</file>
         <name>trgdrv.obj</name>
      </input_file>
      <input_file id="fl-154">
         <path>C:\CCS_v6\ccsv6\tools\compiler\ti-cgt-arm_5.2.5\lib\</path>
         <kind>archive</kind>
         <file>rtsv7M4_T_le_v4SPD16_eabi.lib</file>
         <name>trgmsg.obj</name>
      </input_file>
      <input_file id="fl-155">
         <path>C:\CCS_v6\ccsv6\tools\compiler\ti-cgt-arm_5.2.5\lib\</path>
         <kind>archive</kind>
         <file>rtsv7M4_T_le_v4SPD16_eabi.lib</file>
         <name>ull_div_t2.obj</name>
      </input_file>
      <input_file id="fl-156">
         <path>C:\CCS_v6\ccsv6\tools\compiler\ti-cgt-arm_5.2.5\lib\</path>
         <kind>archive</kind>
         <file>rtsv7M4_T_le_v4SPD16_eabi.lib</file>
         <name>xdclass.obj</name>
      </input_file>
      <input_file id="fl-157">
         <path>C:\CCS_v6\ccsv6\tools\compiler\ti-cgt-arm_5.2.5\lib\</path>
         <kind>archive</kind>
         <file>rtsv7M4_T_le_v4SPD16_eabi.lib</file>
         <name>xdscale.obj</name>
      </input_file>
      <input_file id="fl-158">
         <path>C:\CCS_v6\ccsv6\tools\compiler\ti-cgt-arm_5.2.5\lib\</path>
         <kind>archive</kind>
         <file>rtsv7M4_T_le_v4SPD16_eabi.lib</file>
         <name>xdunscal.obj</name>
      </input_file>
      <input_file id="fl-159">
         <path>C:\CCS_v6\ccsv6\tools\compiler\ti-cgt-arm_5.2.5\lib\</path>
         <kind>archive</kind>
         <file>rtsv7M4_T_le_v4SPD16_eabi.lib</file>
         <name>xferaise.obj</name>
      </input_file>
      <input_file id="fl-15a">
         <path>C:\CCS_v6\ccsv6\tools\compiler\ti-cgt-arm_5.2.5\lib\</path>
         <kind>archive</kind>
         <file>rtsv7M4_T_le_v4SPD16_eabi.lib</file>
         <name>xvalues.obj</name>
      </input_file>
      <input_file id="fl-15b">
         <path>C:\CCS_v6\ccsv6\tools\compiler\ti-cgt-arm_5.2.5\lib\</path>
         <kind>archive</kind>
         <file>rtsv7M4_T_le_v4SPD16_eabi.lib</file>
         <name>_io_perm.obj</name>
      </input_file>
      <input_file id="fl-15c">
         <path>C:\CCS_v6\ccsv6\tools\compiler\ti-cgt-arm_5.2.5\lib\</path>
         <kind>archive</kind>
         <file>rtsv7M4_T_le_v4SPD16_eabi.lib</file>
         <name>errno.obj</name>
      </input_file>
      <input_file id="fl-15d">
         <path>C:\CCS_v6\ccsv6\tools\compiler\ti-cgt-arm_5.2.5\lib\</path>
         <kind>archive</kind>
         <file>rtsv7M4_T_le_v4SPD16_eabi.lib</file>
         <name>feraiseexcept.obj</name>
      </input_file>
      <input_file id="fl-15e">
         <path>C:\CCS_v6\ccsv6\tools\compiler\ti-cgt-arm_5.2.5\lib\</path>
         <kind>archive</kind>
         <file>rtsv7M4_T_le_v4SPD16_eabi.lib</file>
         <name>fflush.obj</name>
      </input_file>
      <input_file id="fl-15f">
         <path>C:\CCS_v6\ccsv6\tools\compiler\ti-cgt-arm_5.2.5\lib\</path>
         <kind>archive</kind>
         <file>rtsv7M4_T_le_v4SPD16_eabi.lib</file>
         <name>fseek.obj</name>
      </input_file>
      <input_file id="fl-160">
         <path>C:\CCS_v6\ccsv6\tools\compiler\ti-cgt-arm_5.2.5\lib\</path>
         <kind>archive</kind>
         <file>rtsv7M4_T_le_v4SPD16_eabi.lib</file>
         <name>raise.obj</name>
      </input_file>
      <input_file id="fl-161">
         <path>C:\CCS_v6\ccsv6\tools\compiler\ti-cgt-arm_5.2.5\lib\</path>
         <kind>archive</kind>
         <file>rtsv7M4_T_le_v4SPD16_eabi.lib</file>
         <name>setvbuf.obj</name>
      </input_file>
      <input_file id="fl-162">
         <path>C:\CCS_v6\ccsv6\tools\compiler\ti-cgt-arm_5.2.5\lib\</path>
         <kind>archive</kind>
         <file>rtsv7M4_T_le_v4SPD16_eabi.lib</file>
         <name>signal.obj</name>
      </input_file>
      <input_file id="fl-163">
         <path>C:\CCS_v6\ccsv6\tools\compiler\ti-cgt-arm_5.2.5\lib\</path>
         <kind>archive</kind>
         <file>rtsv7M4_T_le_v4SPD16_eabi.lib</file>
         <name>xdnorm.obj</name>
      </input_file>
      <input_file id="fl-164">
         <path>C:\CCS_v6\ccsv6\tools\compiler\ti-cgt-arm_5.2.5\lib\</path>
         <kind>archive</kind>
         <file>rtsv7M4_T_le_v4SPD16_eabi.lib</file>
         <name>fopen.obj</name>
      </input_file>
      <input_file id="fl-165">
         <path>C:\CCS_v6\ccsv6\tools\compiler\ti-cgt-arm_5.2.5\lib\</path>
         <kind>archive</kind>
         <file>rtsv7M4_T_le_v4SPD16_eabi.lib</file>
         <name>fclose.obj</name>
      </input_file>
      <input_file id="fl-166">
         <path>C:\CCS_v6\ccsv6\tools\compiler\ti-cgt-arm_5.2.5\lib\</path>
         <kind>archive</kind>
         <file>rtsv7M4_T_le_v4SPD16_eabi.lib</file>
         <name>remove.obj</name>
      </input_file>
      <input_file id="fl-167">
         <path>C:\CCS_v6\tivaware\examples\boards\ek-tm4c123gxl\uart_echo\ccs\..\..\..\..\..\driverlib\ccs\Debug\</path>
         <kind>archive</kind>
         <file>driverlib.lib</file>
         <name>gpio.obj</name>
      </input_file>
      <input_file id="fl-168">
         <path>C:\CCS_v6\tivaware\examples\boards\ek-tm4c123gxl\uart_echo\ccs\..\..\..\..\..\driverlib\ccs\Debug\</path>
         <kind>archive</kind>
         <file>driverlib.lib</file>
         <name>interrupt.obj</name>
      </input_file>
      <input_file id="fl-169">
         <path>C:\CCS_v6\tivaware\examples\boards\ek-tm4c123gxl\uart_echo\ccs\..\..\..\..\..\driverlib\ccs\Debug\</path>
         <kind>archive</kind>
         <file>driverlib.lib</file>
         <name>sysctl.obj</name>
      </input_file>
      <input_file id="fl-16a">
         <path>C:\CCS_v6\tivaware\examples\boards\ek-tm4c123gxl\uart_echo\ccs\..\..\..\..\..\driverlib\ccs\Debug\</path>
         <kind>archive</kind>
         <file>driverlib.lib</file>
         <name>uart.obj</name>
      </input_file>
      <input_file id="fl-16b">
         <path>C:\CCS_v6\tivaware\examples\boards\ek-tm4c123gxl\uart_echo\ccs\..\..\..\..\..\driverlib\ccs\Debug\</path>
         <kind>archive</kind>
         <file>driverlib.lib</file>
         <name>cpu.obj</name>
      </input_file>
   </input_file_list>
   <object_component_list>
      <object_component id="oc-f">
         <name>.intvecs</name>
         <load_address>0x0</load_address>
         <run_address>0x0</run_address>
         <size>0x26c</size>
         <input_file_ref idref="fl-3"/>
      </object_component>
      <object_component id="oc-1ff">
         <name>.text</name>
         <load_address>0x26c</load_address>
         <run_address>0x26c</run_address>
         <size>0x10ba</size>
         <input_file_ref idref="fl-13c"/>
      </object_component>
      <object_component id="oc-39">
         <name>.text:FaultISR</name>
         <load_address>0x1326</load_address>
         <run_address>0x1326</run_address>
         <size>0x2</size>
         <input_file_ref idref="fl-3"/>
      </object_component>
      <object_component id="oc-125">
         <name>.text:main</name>
         <load_address>0x1328</load_address>
         <run_address>0x1328</run_address>
         <size>0x244</size>
         <input_file_ref idref="fl-2"/>
      </object_component>
      <object_component id="oc-23c">
         <name>.text</name>
         <load_address>0x156c</load_address>
         <run_address>0x156c</run_address>
         <size>0x1f4</size>
         <input_file_ref idref="fl-155"/>
      </object_component>
      <object_component id="oc-265">
         <name>.text</name>
         <load_address>0x1760</load_address>
         <run_address>0x1760</run_address>
         <size>0x1b6</size>
         <input_file_ref idref="fl-143"/>
      </object_component>
      <object_component id="oc-24b">
         <name>.text</name>
         <load_address>0x1916</load_address>
         <run_address>0x1916</run_address>
         <size>0x136</size>
         <input_file_ref idref="fl-145"/>
      </object_component>
      <object_component id="oc-2cf">
         <name>.text</name>
         <load_address>0x1a4c</load_address>
         <run_address>0x1a4c</run_address>
         <size>0x110</size>
         <input_file_ref idref="fl-157"/>
      </object_component>
      <object_component id="oc-f7">
         <name>.text:SysCtlClockGet</name>
         <load_address>0x1b5c</load_address>
         <run_address>0x1b5c</run_address>
         <size>0x10c</size>
         <input_file_ref idref="fl-169"/>
      </object_component>
      <object_component id="oc-246">
         <name>.text</name>
         <load_address>0x1c68</load_address>
         <run_address>0x1c68</run_address>
         <size>0xfc</size>
         <input_file_ref idref="fl-146"/>
      </object_component>
      <object_component id="oc-45">
         <name>.text:UART0IntHandler</name>
         <load_address>0x1d64</load_address>
         <run_address>0x1d64</run_address>
         <size>0xf8</size>
         <input_file_ref idref="fl-2"/>
      </object_component>
      <object_component id="oc-4b">
         <name>.text:UART5IntHandler</name>
         <load_address>0x1e5c</load_address>
         <run_address>0x1e5c</run_address>
         <size>0xe4</size>
         <input_file_ref idref="fl-2"/>
      </object_component>
      <object_component id="oc-c0">
         <name>.text:gps_point_modify</name>
         <load_address>0x1f40</load_address>
         <run_address>0x1f40</run_address>
         <size>0xce</size>
         <input_file_ref idref="fl-2"/>
      </object_component>
      <object_component id="oc-2f5">
         <name>.text</name>
         <load_address>0x200e</load_address>
         <run_address>0x200e</run_address>
         <size>0xbe</size>
         <input_file_ref idref="fl-163"/>
      </object_component>
      <object_component id="oc-5a">
         <name>.text</name>
         <load_address>0x20cc</load_address>
         <run_address>0x20cc</run_address>
         <size>0x9c</size>
         <input_file_ref idref="fl-12f"/>
      </object_component>
      <object_component id="oc-cc">
         <name>.text:get_point_str</name>
         <load_address>0x2168</load_address>
         <run_address>0x2168</run_address>
         <size>0x97</size>
         <input_file_ref idref="fl-2"/>
      </object_component>
      <object_component id="oc-d2">
         <name>.text:send_sms_msg</name>
         <load_address>0x2200</load_address>
         <run_address>0x2200</run_address>
         <size>0x93</size>
         <input_file_ref idref="fl-2"/>
      </object_component>
      <object_component id="oc-241">
         <name>.text:__aeabi_cdcmple</name>
         <load_address>0x2294</load_address>
         <run_address>0x2294</run_address>
         <size>0x86</size>
         <input_file_ref idref="fl-144"/>
      </object_component>
      <object_component id="oc-250">
         <name>.text:__aeabi_cdrcmple</name>
         <load_address>0x231a</load_address>
         <run_address>0x231a</run_address>
         <size>0x86</size>
         <input_file_ref idref="fl-144"/>
      </object_component>
      <object_component id="oc-189">
         <name>.text:gps_point_member_clear</name>
         <load_address>0x23a0</load_address>
         <run_address>0x23a0</run_address>
         <size>0x86</size>
         <input_file_ref idref="fl-2"/>
      </object_component>
      <object_component id="oc-73">
         <name>.text</name>
         <load_address>0x2426</load_address>
         <run_address>0x2426</run_address>
         <size>0x7a</size>
         <input_file_ref idref="fl-131"/>
      </object_component>
      <object_component id="oc-de">
         <name>.text:gps_point_create</name>
         <load_address>0x24a0</load_address>
         <run_address>0x24a0</run_address>
         <size>0x74</size>
         <input_file_ref idref="fl-2"/>
      </object_component>
      <object_component id="oc-85">
         <name>.text</name>
         <load_address>0x2514</load_address>
         <run_address>0x2514</run_address>
         <size>0x6c</size>
         <input_file_ref idref="fl-13f"/>
      </object_component>
      <object_component id="oc-66">
         <name>.text</name>
         <load_address>0x2580</load_address>
         <run_address>0x2580</run_address>
         <size>0x6a</size>
         <input_file_ref idref="fl-12c"/>
      </object_component>
      <object_component id="oc-2c7">
         <name>.text</name>
         <load_address>0x25ea</load_address>
         <run_address>0x25ea</run_address>
         <size>0x66</size>
         <input_file_ref idref="fl-158"/>
      </object_component>
      <object_component id="oc-51">
         <name>.text:UART7IntHandler</name>
         <load_address>0x2650</load_address>
         <run_address>0x2650</run_address>
         <size>0x64</size>
         <input_file_ref idref="fl-2"/>
      </object_component>
      <object_component id="oc-15c">
         <name>.text</name>
         <load_address>0x26b4</load_address>
         <run_address>0x26b4</run_address>
         <size>0x60</size>
         <input_file_ref idref="fl-134"/>
      </object_component>
      <object_component id="oc-25a">
         <name>.text</name>
         <load_address>0x2714</load_address>
         <run_address>0x2714</run_address>
         <size>0x56</size>
         <input_file_ref idref="fl-14e"/>
      </object_component>
      <object_component id="oc-3f">
         <name>.text:IntDefaultHandler</name>
         <load_address>0x276a</load_address>
         <run_address>0x276a</run_address>
         <size>0x2</size>
         <input_file_ref idref="fl-3"/>
      </object_component>
      <object_component id="oc-16f">
         <name>.text:cell_power_toggle</name>
         <load_address>0x276c</load_address>
         <run_address>0x276c</run_address>
         <size>0x54</size>
         <input_file_ref idref="fl-2"/>
      </object_component>
      <object_component id="oc-270">
         <name>.text</name>
         <load_address>0x27c0</load_address>
         <run_address>0x27c0</run_address>
         <size>0x52</size>
         <input_file_ref idref="fl-14c"/>
      </object_component>
      <object_component id="oc-33">
         <name>.text:NmiSR</name>
         <load_address>0x2812</load_address>
         <run_address>0x2812</run_address>
         <size>0x2</size>
         <input_file_ref idref="fl-3"/>
      </object_component>
      <object_component id="oc-169">
         <name>.text:cell_power_off</name>
         <load_address>0x2814</load_address>
         <run_address>0x2814</run_address>
         <size>0x50</size>
         <input_file_ref idref="fl-2"/>
      </object_component>
      <object_component id="oc-24">
         <name>.text</name>
         <load_address>0x2864</load_address>
         <run_address>0x2864</run_address>
         <size>0x50</size>
         <input_file_ref idref="fl-12a"/>
      </object_component>
      <object_component id="oc-181">
         <name>.text:send_to_cell_module</name>
         <load_address>0x28b4</load_address>
         <run_address>0x28b4</run_address>
         <size>0x50</size>
         <input_file_ref idref="fl-2"/>
      </object_component>
      <object_component id="oc-288">
         <name>.text</name>
         <load_address>0x2904</load_address>
         <run_address>0x2904</run_address>
         <size>0x4c</size>
         <input_file_ref idref="fl-13e"/>
      </object_component>
      <object_component id="oc-11d">
         <name>.text</name>
         <load_address>0x2950</load_address>
         <run_address>0x2950</run_address>
         <size>0x4c</size>
         <input_file_ref idref="fl-140"/>
      </object_component>
      <object_component id="oc-1c6">
         <name>.text:GPIOPinConfigure</name>
         <load_address>0x299c</load_address>
         <run_address>0x299c</run_address>
         <size>0x48</size>
         <input_file_ref idref="fl-167"/>
      </object_component>
      <object_component id="oc-17b">
         <name>.text:readMemory</name>
         <load_address>0x29e4</load_address>
         <run_address>0x29e4</run_address>
         <size>0x48</size>
         <input_file_ref idref="fl-2"/>
      </object_component>
      <object_component id="oc-255">
         <name>.text</name>
         <load_address>0x2a2c</load_address>
         <run_address>0x2a2c</run_address>
         <size>0x48</size>
         <input_file_ref idref="fl-147"/>
      </object_component>
      <object_component id="oc-c6">
         <name>.text:gps_point_valid</name>
         <load_address>0x2a74</load_address>
         <run_address>0x2a74</run_address>
         <size>0x44</size>
         <input_file_ref idref="fl-2"/>
      </object_component>
      <object_component id="oc-91">
         <name>.text</name>
         <load_address>0x2ab8</load_address>
         <run_address>0x2ab8</run_address>
         <size>0x44</size>
         <input_file_ref idref="fl-12e"/>
      </object_component>
      <object_component id="oc-33a">
         <name>.text</name>
         <load_address>0x2afc</load_address>
         <run_address>0x2afc</run_address>
         <size>0x40</size>
         <input_file_ref idref="fl-162"/>
      </object_component>
      <object_component id="oc-158">
         <name>.text:strtok_single</name>
         <load_address>0x2b3c</load_address>
         <run_address>0x2b3c</run_address>
         <size>0x3c</size>
         <input_file_ref idref="fl-2"/>
      </object_component>
      <object_component id="oc-a3">
         <name>.text:writeMemory</name>
         <load_address>0x2b78</load_address>
         <run_address>0x2b78</run_address>
         <size>0x3c</size>
         <input_file_ref idref="fl-2"/>
      </object_component>
      <object_component id="oc-a9">
         <name>.text:UARTSend0</name>
         <load_address>0x2bb4</load_address>
         <run_address>0x2bb4</run_address>
         <size>0x34</size>
         <input_file_ref idref="fl-2"/>
      </object_component>
      <object_component id="oc-304">
         <name>.text</name>
         <load_address>0x2be8</load_address>
         <run_address>0x2be8</run_address>
         <size>0x34</size>
         <input_file_ref idref="fl-15d"/>
      </object_component>
      <object_component id="oc-1cc">
         <name>.text:init_memory</name>
         <load_address>0x2c1c</load_address>
         <run_address>0x2c1c</run_address>
         <size>0x30</size>
         <input_file_ref idref="fl-2"/>
      </object_component>
      <object_component id="oc-27c">
         <name>.text</name>
         <load_address>0x2c4c</load_address>
         <run_address>0x2c4c</run_address>
         <size>0x30</size>
         <input_file_ref idref="fl-156"/>
      </object_component>
      <object_component id="oc-2d5">
         <name>.text</name>
         <load_address>0x2c7c</load_address>
         <run_address>0x2c7c</run_address>
         <size>0x30</size>
         <input_file_ref idref="fl-159"/>
      </object_component>
      <object_component id="oc-260">
         <name>.text</name>
         <load_address>0x2cac</load_address>
         <run_address>0x2cac</run_address>
         <size>0x2e</size>
         <input_file_ref idref="fl-14b"/>
      </object_component>
      <object_component id="oc-32a">
         <name>.text</name>
         <load_address>0x2cda</load_address>
         <run_address>0x2cda</run_address>
         <size>0x2e</size>
         <input_file_ref idref="fl-160"/>
      </object_component>
      <object_component id="oc-216">
         <name>.text:get_cell_status</name>
         <load_address>0x2d08</load_address>
         <run_address>0x2d08</run_address>
         <size>0x2c</size>
         <input_file_ref idref="fl-2"/>
      </object_component>
      <object_component id="oc-26a">
         <name>.text</name>
         <load_address>0x2d34</load_address>
         <run_address>0x2d34</run_address>
         <size>0x2a</size>
         <input_file_ref idref="fl-14a"/>
      </object_component>
      <object_component id="oc-175">
         <name>.text:set_text_mode</name>
         <load_address>0x2d60</load_address>
         <run_address>0x2d60</run_address>
         <size>0x28</size>
         <input_file_ref idref="fl-2"/>
      </object_component>
      <object_component id="oc-1f3">
         <name>.text</name>
         <load_address>0x2d88</load_address>
         <run_address>0x2d88</run_address>
         <size>0x26</size>
         <input_file_ref idref="fl-13a"/>
      </object_component>
      <object_component id="oc-162">
         <name>.text</name>
         <load_address>0x2dae</load_address>
         <run_address>0x2dae</run_address>
         <size>0x1e</size>
         <input_file_ref idref="fl-136"/>
      </object_component>
      <object_component id="oc-282">
         <name>.text</name>
         <load_address>0x2dcc</load_address>
         <run_address>0x2dcc</run_address>
         <size>0x1c</size>
         <input_file_ref idref="fl-14f"/>
      </object_component>
      <object_component id="oc-d8">
         <name>.text:clear_point_str_buffer</name>
         <load_address>0x2de8</load_address>
         <run_address>0x2de8</run_address>
         <size>0x18</size>
         <input_file_ref idref="fl-2"/>
      </object_component>
      <object_component id="oc-8b">
         <name>.text</name>
         <load_address>0x2e00</load_address>
         <run_address>0x2e00</run_address>
         <size>0x18</size>
         <input_file_ref idref="fl-13d"/>
      </object_component>
      <object_component id="oc-2a4">
         <name>.text</name>
         <load_address>0x2e18</load_address>
         <run_address>0x2e18</run_address>
         <size>0x18</size>
         <input_file_ref idref="fl-137"/>
      </object_component>
      <object_component id="oc-276">
         <name>.text</name>
         <load_address>0x2e30</load_address>
         <run_address>0x2e30</run_address>
         <size>0x16</size>
         <input_file_ref idref="fl-151"/>
      </object_component>
      <object_component id="oc-e4">
         <name>.text:clear_gps_buffer_glob</name>
         <load_address>0x2e48</load_address>
         <run_address>0x2e48</run_address>
         <size>0x14</size>
         <input_file_ref idref="fl-2"/>
      </object_component>
      <object_component id="oc-1da">
         <name>.text</name>
         <load_address>0x2e5c</load_address>
         <run_address>0x2e5c</run_address>
         <size>0x14</size>
         <input_file_ref idref="fl-13b"/>
      </object_component>
      <object_component id="oc-152">
         <name>.text</name>
         <load_address>0x2e70</load_address>
         <run_address>0x2e70</run_address>
         <size>0x14</size>
         <input_file_ref idref="fl-138"/>
      </object_component>
      <object_component id="oc-1f9">
         <name>.text</name>
         <load_address>0x2e84</load_address>
         <run_address>0x2e84</run_address>
         <size>0x14</size>
         <input_file_ref idref="fl-139"/>
      </object_component>
      <object_component id="oc-12">
         <name>.text:decompress:none</name>
         <load_address>0x2e98</load_address>
         <run_address>0x2e98</run_address>
         <size>0xe</size>
         <input_file_ref idref="fl-12b"/>
      </object_component>
      <object_component id="oc-147">
         <name>.text:UARTSpaceAvail</name>
         <load_address>0x2ea6</load_address>
         <run_address>0x2ea6</run_address>
         <size>0xc</size>
         <input_file_ref idref="fl-16a"/>
      </object_component>
      <object_component id="oc-1e">
         <name>.text:decompress:ZI</name>
         <load_address>0x2eb2</load_address>
         <run_address>0x2eb2</run_address>
         <size>0xc</size>
         <input_file_ref idref="fl-12d"/>
      </object_component>
      <object_component id="oc-20e">
         <name>.text:GPIOPinRead</name>
         <load_address>0x2ebe</load_address>
         <run_address>0x2ebe</run_address>
         <size>0x6</size>
         <input_file_ref idref="fl-167"/>
      </object_component>
      <object_component id="oc-1c0">
         <name>.text:GPIOPinWrite</name>
         <load_address>0x2ec4</load_address>
         <run_address>0x2ec4</run_address>
         <size>0x6</size>
         <input_file_ref idref="fl-167"/>
      </object_component>
      <object_component id="oc-2d">
         <name>.text:ResetISR</name>
         <load_address>0x2eca</load_address>
         <run_address>0x2eca</run_address>
         <size>0x6</size>
         <input_file_ref idref="fl-3"/>
      </object_component>
      <object_component id="oc-fd">
         <name>.text:SysCtlDelay</name>
         <load_address>0x2ed0</load_address>
         <run_address>0x2ed0</run_address>
         <size>0x6</size>
         <input_file_ref idref="fl-169"/>
      </object_component>
      <object_component id="oc-18">
         <name>.text:decompress:rle24</name>
         <load_address>0x2ed6</load_address>
         <run_address>0x2ed6</run_address>
         <size>0x6</size>
         <input_file_ref idref="fl-12c"/>
      </object_component>
      <object_component id="oc-7f">
         <name>.text</name>
         <load_address>0x2edc</load_address>
         <run_address>0x2edc</run_address>
         <size>0x4</size>
         <input_file_ref idref="fl-132"/>
      </object_component>
      <object_component id="oc-2e3">
         <name>.const:.string:_ctypes_</name>
         <load_address>0x2ee0</load_address>
         <run_address>0x2ee0</run_address>
         <size>0x101</size>
         <input_file_ref idref="fl-141"/>
      </object_component>
      <object_component id="oc-22c">
         <name>.const:g_pui32GPIOBaseAddrs</name>
         <load_address>0x2fe4</load_address>
         <run_address>0x2fe4</run_address>
         <size>0x90</size>
         <input_file_ref idref="fl-167"/>
      </object_component>
      <object_component id="oc-1ac">
         <name>.const:g_pui32Xtals</name>
         <load_address>0x3074</load_address>
         <run_address>0x3074</run_address>
         <size>0x6c</size>
         <input_file_ref idref="fl-169"/>
      </object_component>
      <object_component id="oc-2aa">
         <name>.const:.string</name>
         <load_address>0x30e0</load_address>
         <run_address>0x30e0</run_address>
         <size>0xa</size>
         <input_file_ref idref="fl-2"/>
      </object_component>
      <object_component id="oc-380">
         <name>.cinit..data.load</name>
         <load_address>0x30f0</load_address>
         <run_address>0x30f0</run_address>
         <size>0x54</size>
      </object_component>
      <object_component id="oc-37e">
         <name>__TI_handler_table</name>
         <load_address>0x3144</load_address>
         <run_address>0x3144</run_address>
         <size>0xc</size>
      </object_component>
      <object_component id="oc-381">
         <name>.cinit..bss.load</name>
         <load_address>0x3150</load_address>
         <run_address>0x3150</run_address>
         <size>0x8</size>
      </object_component>
      <object_component id="oc-37f">
         <name>__TI_cinit_table</name>
         <load_address>0x3158</load_address>
         <run_address>0x3158</run_address>
         <size>0x10</size>
      </object_component>
      <object_component id="oc-2a">
         <name>.sysmem</name>
         <uninitialized>true</uninitialized>
         <run_address>0x20000660</run_address>
         <size>0x8</size>
         <input_file_ref idref="fl-130"/>
      </object_component>
      <object_component id="oc-383">
         <name>.sysmem</name>
         <uninitialized>true</uninitialized>
         <run_address>0x20000660</run_address>
         <size>0x0</size>
      </object_component>
      <object_component id="oc-29">
         <name>.stack</name>
         <uninitialized>true</uninitialized>
         <run_address>0x20000560</run_address>
         <size>0x0</size>
         <input_file_ref idref="fl-12a"/>
      </object_component>
      <object_component id="oc-382">
         <name>.stack</name>
         <uninitialized>true</uninitialized>
         <run_address>0x20000560</run_address>
         <size>0x0</size>
      </object_component>
      <object_component id="oc-ea">
         <name>.bss:gps_buffer_glob</name>
         <uninitialized>true</uninitialized>
         <run_address>0x20000262</run_address>
         <size>0x64</size>
         <input_file_ref idref="fl-2"/>
      </object_component>
      <object_component id="oc-ed">
         <name>.bss:point</name>
         <uninitialized>true</uninitialized>
         <run_address>0x200002c8</run_address>
         <size>0x38</size>
         <input_file_ref idref="fl-2"/>
      </object_component>
      <object_component id="oc-f0">
         <name>.bss:split_fields</name>
         <uninitialized>true</uninitialized>
         <run_address>0x2000012c</run_address>
         <size>0xd2</size>
         <input_file_ref idref="fl-2"/>
      </object_component>
      <object_component id="oc-f3">
         <name>.bss:point_str_buffer</name>
         <uninitialized>true</uninitialized>
         <run_address>0x20000000</run_address>
         <size>0x12c</size>
         <input_file_ref idref="fl-2"/>
      </object_component>
      <object_component id="oc-fe">
         <name>.bss:cell_return_buffer</name>
         <uninitialized>true</uninitialized>
         <run_address>0x200001fe</run_address>
         <size>0x64</size>
         <input_file_ref idref="fl-2"/>
      </object_component>
      <object_component id="oc-18f">
         <name>.common:m1</name>
         <uninitialized>true</uninitialized>
         <run_address>0x20000300</run_address>
         <size>0x10</size>
      </object_component>
      <object_component id="oc-190">
         <name>.common:m2</name>
         <uninitialized>true</uninitialized>
         <run_address>0x20000360</run_address>
         <size>0x10</size>
      </object_component>
      <object_component id="oc-191">
         <name>.common:m3</name>
         <uninitialized>true</uninitialized>
         <run_address>0x20000370</run_address>
         <size>0x10</size>
      </object_component>
      <object_component id="oc-192">
         <name>.common:m4</name>
         <uninitialized>true</uninitialized>
         <run_address>0x20000380</run_address>
         <size>0x10</size>
      </object_component>
      <object_component id="oc-193">
         <name>.common:m5</name>
         <uninitialized>true</uninitialized>
         <run_address>0x20000390</run_address>
         <size>0x10</size>
      </object_component>
      <object_component id="oc-194">
         <name>.common:m6</name>
         <uninitialized>true</uninitialized>
         <run_address>0x200003a0</run_address>
         <size>0x10</size>
      </object_component>
      <object_component id="oc-195">
         <name>.common:m7</name>
         <uninitialized>true</uninitialized>
         <run_address>0x200003b0</run_address>
         <size>0x10</size>
      </object_component>
      <object_component id="oc-196">
         <name>.common:m8</name>
         <uninitialized>true</uninitialized>
         <run_address>0x200003c0</run_address>
         <size>0x10</size>
      </object_component>
      <object_component id="oc-197">
         <name>.common:m9</name>
         <uninitialized>true</uninitialized>
         <run_address>0x200003d0</run_address>
         <size>0x10</size>
      </object_component>
      <object_component id="oc-198">
         <name>.common:m10</name>
         <uninitialized>true</uninitialized>
         <run_address>0x20000310</run_address>
         <size>0x10</size>
      </object_component>
      <object_component id="oc-199">
         <name>.common:m11</name>
         <uninitialized>true</uninitialized>
         <run_address>0x20000320</run_address>
         <size>0x10</size>
      </object_component>
      <object_component id="oc-19a">
         <name>.common:m12</name>
         <uninitialized>true</uninitialized>
         <run_address>0x20000330</run_address>
         <size>0x10</size>
      </object_component>
      <object_component id="oc-19b">
         <name>.common:m13</name>
         <uninitialized>true</uninitialized>
         <run_address>0x20000340</run_address>
         <size>0x10</size>
      </object_component>
      <object_component id="oc-19c">
         <name>.common:m14</name>
         <uninitialized>true</uninitialized>
         <run_address>0x20000350</run_address>
         <size>0x10</size>
      </object_component>
      <object_component id="oc-af">
         <name>.data</name>
         <load_address>0x20000510</load_address>
         <run_address>0x20000510</run_address>
         <size>0x30</size>
         <input_file_ref idref="fl-2"/>
      </object_component>
      <object_component id="oc-130">
         <name>.data</name>
         <load_address>0x20000548</load_address>
         <run_address>0x20000548</run_address>
         <size>0x8</size>
         <input_file_ref idref="fl-12e"/>
      </object_component>
      <object_component id="oc-97">
         <name>.data</name>
         <load_address>0x2000055c</load_address>
         <run_address>0x2000055c</run_address>
         <size>0x4</size>
         <input_file_ref idref="fl-135"/>
      </object_component>
      <object_component id="oc-12d">
         <name>.data</name>
         <load_address>0x20000540</load_address>
         <run_address>0x20000540</run_address>
         <size>0x8</size>
         <input_file_ref idref="fl-13b"/>
      </object_component>
      <object_component id="oc-2ff">
         <name>.data</name>
         <load_address>0x20000490</load_address>
         <run_address>0x20000490</run_address>
         <size>0x80</size>
         <input_file_ref idref="fl-15a"/>
      </object_component>
      <object_component id="oc-30a">
         <name>.data</name>
         <load_address>0x20000558</load_address>
         <run_address>0x20000558</run_address>
         <size>0x4</size>
         <input_file_ref idref="fl-15c"/>
      </object_component>
      <object_component id="oc-330">
         <name>.data</name>
         <load_address>0x20000550</load_address>
         <run_address>0x20000550</run_address>
         <size>0x8</size>
         <input_file_ref idref="fl-15d"/>
      </object_component>
      <object_component id="oc-34b">
         <name>.data:sigtable</name>
         <load_address>0x200003e0</load_address>
         <run_address>0x200003e0</run_address>
         <size>0xb0</size>
         <input_file_ref idref="fl-162"/>
      </object_component>
      <object_component id="oc-145">
         <name>.debug_info</name>
         <load_address>0x0</load_address>
         <run_address>0x0</run_address>
         <size>0x5b2</size>
         <input_file_ref idref="fl-2"/>
      </object_component>
      <object_component id="oc-eb">
         <name>.debug_info</name>
         <load_address>0x5b2</load_address>
         <run_address>0x5b2</run_address>
         <size>0xfc</size>
         <input_file_ref idref="fl-2"/>
      </object_component>
      <object_component id="oc-b0">
         <name>.debug_info</name>
         <load_address>0x6ae</load_address>
         <run_address>0x6ae</run_address>
         <size>0x204</size>
         <input_file_ref idref="fl-2"/>
      </object_component>
      <object_component id="oc-ee">
         <name>.debug_info</name>
         <load_address>0x8b2</load_address>
         <run_address>0x8b2</run_address>
         <size>0xe8</size>
         <input_file_ref idref="fl-2"/>
      </object_component>
      <object_component id="oc-f1">
         <name>.debug_info</name>
         <load_address>0x99a</load_address>
         <run_address>0x99a</run_address>
         <size>0xf6</size>
         <input_file_ref idref="fl-2"/>
      </object_component>
      <object_component id="oc-f4">
         <name>.debug_info</name>
         <load_address>0xa90</load_address>
         <run_address>0xa90</run_address>
         <size>0xfe</size>
         <input_file_ref idref="fl-2"/>
      </object_component>
      <object_component id="oc-ff">
         <name>.debug_info</name>
         <load_address>0xb8e</load_address>
         <run_address>0xb8e</run_address>
         <size>0x102</size>
         <input_file_ref idref="fl-2"/>
      </object_component>
      <object_component id="oc-2ab">
         <name>.debug_info</name>
         <load_address>0xc90</load_address>
         <run_address>0xc90</run_address>
         <size>0xeb</size>
         <input_file_ref idref="fl-2"/>
      </object_component>
      <object_component id="oc-d9">
         <name>.debug_info</name>
         <load_address>0xd7b</load_address>
         <run_address>0xd7b</run_address>
         <size>0x14b</size>
         <input_file_ref idref="fl-2"/>
      </object_component>
      <object_component id="oc-e5">
         <name>.debug_info</name>
         <load_address>0xec6</load_address>
         <run_address>0xec6</run_address>
         <size>0x149</size>
         <input_file_ref idref="fl-2"/>
      </object_component>
      <object_component id="oc-1cd">
         <name>.debug_info</name>
         <load_address>0x100f</load_address>
         <run_address>0x100f</run_address>
         <size>0x154</size>
         <input_file_ref idref="fl-2"/>
      </object_component>
      <object_component id="oc-a4">
         <name>.debug_info</name>
         <load_address>0x1163</load_address>
         <run_address>0x1163</run_address>
         <size>0x174</size>
         <input_file_ref idref="fl-2"/>
      </object_component>
      <object_component id="oc-17c">
         <name>.debug_info</name>
         <load_address>0x12d7</load_address>
         <run_address>0x12d7</run_address>
         <size>0x172</size>
         <input_file_ref idref="fl-2"/>
      </object_component>
      <object_component id="oc-217">
         <name>.debug_info</name>
         <load_address>0x1449</load_address>
         <run_address>0x1449</run_address>
         <size>0x167</size>
         <input_file_ref idref="fl-2"/>
      </object_component>
      <object_component id="oc-182">
         <name>.debug_info</name>
         <load_address>0x15b0</load_address>
         <run_address>0x15b0</run_address>
         <size>0x1c0</size>
         <input_file_ref idref="fl-2"/>
      </object_component>
      <object_component id="oc-170">
         <name>.debug_info</name>
         <load_address>0x1770</load_address>
         <run_address>0x1770</run_address>
         <size>0x1b9</size>
         <input_file_ref idref="fl-2"/>
      </object_component>
      <object_component id="oc-16a">
         <name>.debug_info</name>
         <load_address>0x1929</load_address>
         <run_address>0x1929</run_address>
         <size>0x1d1</size>
         <input_file_ref idref="fl-2"/>
      </object_component>
      <object_component id="oc-176">
         <name>.debug_info</name>
         <load_address>0x1afa</load_address>
         <run_address>0x1afa</run_address>
         <size>0x18a</size>
         <input_file_ref idref="fl-2"/>
      </object_component>
      <object_component id="oc-d3">
         <name>.debug_info</name>
         <load_address>0x1c84</load_address>
         <run_address>0x1c84</run_address>
         <size>0x283</size>
         <input_file_ref idref="fl-2"/>
      </object_component>
      <object_component id="oc-b2">
         <name>.debug_info</name>
         <load_address>0x1f07</load_address>
         <run_address>0x1f07</run_address>
         <size>0x1b1</size>
         <input_file_ref idref="fl-2"/>
      </object_component>
      <object_component id="oc-c1">
         <name>.debug_info</name>
         <load_address>0x20b8</load_address>
         <run_address>0x20b8</run_address>
         <size>0x2ec</size>
         <input_file_ref idref="fl-2"/>
      </object_component>
      <object_component id="oc-18a">
         <name>.debug_info</name>
         <load_address>0x23a4</load_address>
         <run_address>0x23a4</run_address>
         <size>0x23c</size>
         <input_file_ref idref="fl-2"/>
      </object_component>
      <object_component id="oc-df">
         <name>.debug_info</name>
         <load_address>0x25e0</load_address>
         <run_address>0x25e0</run_address>
         <size>0x175</size>
         <input_file_ref idref="fl-2"/>
      </object_component>
      <object_component id="oc-cd">
         <name>.debug_info</name>
         <load_address>0x2755</load_address>
         <run_address>0x2755</run_address>
         <size>0x216</size>
         <input_file_ref idref="fl-2"/>
      </object_component>
      <object_component id="oc-c7">
         <name>.debug_info</name>
         <load_address>0x296b</load_address>
         <run_address>0x296b</run_address>
         <size>0x15f</size>
         <input_file_ref idref="fl-2"/>
      </object_component>
      <object_component id="oc-aa">
         <name>.debug_info</name>
         <load_address>0x2aca</load_address>
         <run_address>0x2aca</run_address>
         <size>0x1b5</size>
         <input_file_ref idref="fl-2"/>
      </object_component>
      <object_component id="oc-46">
         <name>.debug_info</name>
         <load_address>0x2c7f</load_address>
         <run_address>0x2c7f</run_address>
         <size>0x1c0</size>
         <input_file_ref idref="fl-2"/>
      </object_component>
      <object_component id="oc-4c">
         <name>.debug_info</name>
         <load_address>0x2e3f</load_address>
         <run_address>0x2e3f</run_address>
         <size>0x243</size>
         <input_file_ref idref="fl-2"/>
      </object_component>
      <object_component id="oc-52">
         <name>.debug_info</name>
         <load_address>0x3082</load_address>
         <run_address>0x3082</run_address>
         <size>0x195</size>
         <input_file_ref idref="fl-2"/>
      </object_component>
      <object_component id="oc-126">
         <name>.debug_info</name>
         <load_address>0x3217</load_address>
         <run_address>0x3217</run_address>
         <size>0x34e</size>
         <input_file_ref idref="fl-2"/>
      </object_component>
      <object_component id="oc-1ea">
         <name>.debug_info</name>
         <load_address>0x3565</load_address>
         <run_address>0x3565</run_address>
         <size>0x110</size>
         <input_file_ref idref="fl-2"/>
      </object_component>
      <object_component id="oc-bb">
         <name>.debug_info</name>
         <load_address>0x3675</load_address>
         <run_address>0x3675</run_address>
         <size>0x8b</size>
         <input_file_ref idref="fl-2"/>
      </object_component>
      <object_component id="oc-b6">
         <name>.debug_info</name>
         <load_address>0x3700</load_address>
         <run_address>0x3700</run_address>
         <size>0x18b</size>
         <input_file_ref idref="fl-2"/>
      </object_component>
      <object_component id="oc-1a3">
         <name>.debug_info</name>
         <load_address>0x388b</load_address>
         <run_address>0x388b</run_address>
         <size>0x186</size>
         <input_file_ref idref="fl-2"/>
      </object_component>
      <object_component id="oc-207">
         <name>.debug_info</name>
         <load_address>0x3a11</load_address>
         <run_address>0x3a11</run_address>
         <size>0x4e</size>
         <input_file_ref idref="fl-2"/>
      </object_component>
      <object_component id="oc-59">
         <name>.debug_info</name>
         <load_address>0x3a5f</load_address>
         <run_address>0x3a5f</run_address>
         <size>0x184</size>
         <input_file_ref idref="fl-3"/>
      </object_component>
      <object_component id="oc-10">
         <name>.debug_info</name>
         <load_address>0x3be3</load_address>
         <run_address>0x3be3</run_address>
         <size>0xf7</size>
         <input_file_ref idref="fl-3"/>
      </object_component>
      <object_component id="oc-2f">
         <name>.debug_info</name>
         <load_address>0x3cda</load_address>
         <run_address>0x3cda</run_address>
         <size>0x127</size>
         <input_file_ref idref="fl-3"/>
      </object_component>
      <object_component id="oc-35">
         <name>.debug_info</name>
         <load_address>0x3e01</load_address>
         <run_address>0x3e01</run_address>
         <size>0x118</size>
         <input_file_ref idref="fl-3"/>
      </object_component>
      <object_component id="oc-3b">
         <name>.debug_info</name>
         <load_address>0x3f19</load_address>
         <run_address>0x3f19</run_address>
         <size>0x11e</size>
         <input_file_ref idref="fl-3"/>
      </object_component>
      <object_component id="oc-40">
         <name>.debug_info</name>
         <load_address>0x4037</load_address>
         <run_address>0x4037</run_address>
         <size>0x130</size>
         <input_file_ref idref="fl-3"/>
      </object_component>
      <object_component id="oc-104">
         <name>.debug_info</name>
         <load_address>0x4167</load_address>
         <run_address>0x4167</run_address>
         <size>0x84</size>
         <input_file_ref idref="fl-3"/>
      </object_component>
      <object_component id="oc-26">
         <name>.debug_info</name>
         <load_address>0x41eb</load_address>
         <run_address>0x41eb</run_address>
         <size>0x134</size>
         <input_file_ref idref="fl-12a"/>
      </object_component>
      <object_component id="oc-65">
         <name>.debug_info</name>
         <load_address>0x431f</load_address>
         <run_address>0x431f</run_address>
         <size>0x121</size>
         <input_file_ref idref="fl-12b"/>
      </object_component>
      <object_component id="oc-15">
         <name>.debug_info</name>
         <load_address>0x4440</load_address>
         <run_address>0x4440</run_address>
         <size>0x1c0</size>
         <input_file_ref idref="fl-12b"/>
      </object_component>
      <object_component id="oc-60">
         <name>.debug_info</name>
         <load_address>0x4600</load_address>
         <run_address>0x4600</run_address>
         <size>0x46</size>
         <input_file_ref idref="fl-12b"/>
      </object_component>
      <object_component id="oc-10a">
         <name>.debug_info</name>
         <load_address>0x4646</load_address>
         <run_address>0x4646</run_address>
         <size>0x2c</size>
         <input_file_ref idref="fl-12b"/>
      </object_component>
      <object_component id="oc-6d">
         <name>.debug_info</name>
         <load_address>0x4672</load_address>
         <run_address>0x4672</run_address>
         <size>0x115</size>
         <input_file_ref idref="fl-12c"/>
      </object_component>
      <object_component id="oc-67">
         <name>.debug_info</name>
         <load_address>0x4787</load_address>
         <run_address>0x4787</run_address>
         <size>0x228</size>
         <input_file_ref idref="fl-12c"/>
      </object_component>
      <object_component id="oc-19">
         <name>.debug_info</name>
         <load_address>0x49af</load_address>
         <run_address>0x49af</run_address>
         <size>0x192</size>
         <input_file_ref idref="fl-12c"/>
      </object_component>
      <object_component id="oc-6e">
         <name>.debug_info</name>
         <load_address>0x4b41</load_address>
         <run_address>0x4b41</run_address>
         <size>0x39</size>
         <input_file_ref idref="fl-12c"/>
      </object_component>
      <object_component id="oc-114">
         <name>.debug_info</name>
         <load_address>0x4b7a</load_address>
         <run_address>0x4b7a</run_address>
         <size>0x2c</size>
         <input_file_ref idref="fl-12c"/>
      </object_component>
      <object_component id="oc-7e">
         <name>.debug_info</name>
         <load_address>0x4ba6</load_address>
         <run_address>0x4ba6</run_address>
         <size>0x110</size>
         <input_file_ref idref="fl-12d"/>
      </object_component>
      <object_component id="oc-22">
         <name>.debug_info</name>
         <load_address>0x4cb6</load_address>
         <run_address>0x4cb6</run_address>
         <size>0x18b</size>
         <input_file_ref idref="fl-12d"/>
      </object_component>
      <object_component id="oc-79">
         <name>.debug_info</name>
         <load_address>0x4e41</load_address>
         <run_address>0x4e41</run_address>
         <size>0x46</size>
         <input_file_ref idref="fl-12d"/>
      </object_component>
      <object_component id="oc-134">
         <name>.debug_info</name>
         <load_address>0x4e87</load_address>
         <run_address>0x4e87</run_address>
         <size>0x172</size>
         <input_file_ref idref="fl-12e"/>
      </object_component>
      <object_component id="oc-131">
         <name>.debug_info</name>
         <load_address>0x4ff9</load_address>
         <run_address>0x4ff9</run_address>
         <size>0x117</size>
         <input_file_ref idref="fl-12e"/>
      </object_component>
      <object_component id="oc-92">
         <name>.debug_info</name>
         <load_address>0x5110</load_address>
         <run_address>0x5110</run_address>
         <size>0x1ee</size>
         <input_file_ref idref="fl-12e"/>
      </object_component>
      <object_component id="oc-5b">
         <name>.debug_info</name>
         <load_address>0x52fe</load_address>
         <run_address>0x52fe</run_address>
         <size>0xf6</size>
         <input_file_ref idref="fl-12f"/>
      </object_component>
      <object_component id="oc-9d">
         <name>.debug_info</name>
         <load_address>0x53f4</load_address>
         <run_address>0x53f4</run_address>
         <size>0x203</size>
         <input_file_ref idref="fl-130"/>
      </object_component>
      <object_component id="oc-2b">
         <name>.debug_info</name>
         <load_address>0x55f7</load_address>
         <run_address>0x55f7</run_address>
         <size>0xe2</size>
         <input_file_ref idref="fl-130"/>
      </object_component>
      <object_component id="oc-13a">
         <name>.debug_info</name>
         <load_address>0x56d9</load_address>
         <run_address>0x56d9</run_address>
         <size>0x2c</size>
         <input_file_ref idref="fl-130"/>
      </object_component>
      <object_component id="oc-13f">
         <name>.debug_info</name>
         <load_address>0x5705</load_address>
         <run_address>0x5705</run_address>
         <size>0x62</size>
         <input_file_ref idref="fl-130"/>
      </object_component>
      <object_component id="oc-74">
         <name>.debug_info</name>
         <load_address>0x5767</load_address>
         <run_address>0x5767</run_address>
         <size>0x124</size>
         <input_file_ref idref="fl-131"/>
      </object_component>
      <object_component id="oc-82">
         <name>.debug_info</name>
         <load_address>0x588b</load_address>
         <run_address>0x588b</run_address>
         <size>0x129</size>
         <input_file_ref idref="fl-132"/>
      </object_component>
      <object_component id="oc-206">
         <name>.debug_info</name>
         <load_address>0x59b4</load_address>
         <run_address>0x59b4</run_address>
         <size>0x19c</size>
         <input_file_ref idref="fl-134"/>
      </object_component>
      <object_component id="oc-15d">
         <name>.debug_info</name>
         <load_address>0x5b50</load_address>
         <run_address>0x5b50</run_address>
         <size>0x2c5</size>
         <input_file_ref idref="fl-134"/>
      </object_component>
      <object_component id="oc-295">
         <name>.debug_info</name>
         <load_address>0x5e15</load_address>
         <run_address>0x5e15</run_address>
         <size>0x2c</size>
         <input_file_ref idref="fl-134"/>
      </object_component>
      <object_component id="oc-98">
         <name>.debug_info</name>
         <load_address>0x5e41</load_address>
         <run_address>0x5e41</run_address>
         <size>0xea</size>
         <input_file_ref idref="fl-135"/>
      </object_component>
      <object_component id="oc-20d">
         <name>.debug_info</name>
         <load_address>0x5f2b</load_address>
         <run_address>0x5f2b</run_address>
         <size>0xd1</size>
         <input_file_ref idref="fl-136"/>
      </object_component>
      <object_component id="oc-164">
         <name>.debug_info</name>
         <load_address>0x5ffc</load_address>
         <run_address>0x5ffc</run_address>
         <size>0x216</size>
         <input_file_ref idref="fl-136"/>
      </object_component>
      <object_component id="oc-2f0">
         <name>.debug_info</name>
         <load_address>0x6212</load_address>
         <run_address>0x6212</run_address>
         <size>0xc6</size>
         <input_file_ref idref="fl-137"/>
      </object_component>
      <object_component id="oc-2a7">
         <name>.debug_info</name>
         <load_address>0x62d8</load_address>
         <run_address>0x62d8</run_address>
         <size>0x225</size>
         <input_file_ref idref="fl-137"/>
      </object_component>
      <object_component id="oc-1f2">
         <name>.debug_info</name>
         <load_address>0x64fd</load_address>
         <run_address>0x64fd</run_address>
         <size>0xd1</size>
         <input_file_ref idref="fl-138"/>
      </object_component>
      <object_component id="oc-153">
         <name>.debug_info</name>
         <load_address>0x65ce</load_address>
         <run_address>0x65ce</run_address>
         <size>0x1fe</size>
         <input_file_ref idref="fl-138"/>
      </object_component>
      <object_component id="oc-23b">
         <name>.debug_info</name>
         <load_address>0x67cc</load_address>
         <run_address>0x67cc</run_address>
         <size>0xcb</size>
         <input_file_ref idref="fl-139"/>
      </object_component>
      <object_component id="oc-1fc">
         <name>.debug_info</name>
         <load_address>0x6897</load_address>
         <run_address>0x6897</run_address>
         <size>0x1f7</size>
         <input_file_ref idref="fl-139"/>
      </object_component>
      <object_component id="oc-239">
         <name>.debug_info</name>
         <load_address>0x6a8e</load_address>
         <run_address>0x6a8e</run_address>
         <size>0xd2</size>
         <input_file_ref idref="fl-13a"/>
      </object_component>
      <object_component id="oc-1f6">
         <name>.debug_info</name>
         <load_address>0x6b60</load_address>
         <run_address>0x6b60</run_address>
         <size>0x15b</size>
         <input_file_ref idref="fl-13a"/>
      </object_component>
      <object_component id="oc-1e2">
         <name>.debug_info</name>
         <load_address>0x6cbb</load_address>
         <run_address>0x6cbb</run_address>
         <size>0x105</size>
         <input_file_ref idref="fl-13b"/>
      </object_component>
      <object_component id="oc-12e">
         <name>.debug_info</name>
         <load_address>0x6dc0</load_address>
         <run_address>0x6dc0</run_address>
         <size>0xf4</size>
         <input_file_ref idref="fl-13b"/>
      </object_component>
      <object_component id="oc-1db">
         <name>.debug_info</name>
         <load_address>0x6eb4</load_address>
         <run_address>0x6eb4</run_address>
         <size>0x200</size>
         <input_file_ref idref="fl-13b"/>
      </object_component>
      <object_component id="oc-28f">
         <name>.debug_info</name>
         <load_address>0x70b4</load_address>
         <run_address>0x70b4</run_address>
         <size>0x338</size>
         <input_file_ref idref="fl-13c"/>
      </object_component>
      <object_component id="oc-202">
         <name>.debug_info</name>
         <load_address>0x73ec</load_address>
         <run_address>0x73ec</run_address>
         <size>0x17ea</size>
         <input_file_ref idref="fl-13c"/>
      </object_component>
      <object_component id="oc-290">
         <name>.debug_info</name>
         <load_address>0x8bd6</load_address>
         <run_address>0x8bd6</run_address>
         <size>0x86</size>
         <input_file_ref idref="fl-13c"/>
      </object_component>
      <object_component id="oc-2ea">
         <name>.debug_info</name>
         <load_address>0x8c5c</load_address>
         <run_address>0x8c5c</run_address>
         <size>0x46</size>
         <input_file_ref idref="fl-13c"/>
      </object_component>
      <object_component id="oc-29a">
         <name>.debug_info</name>
         <load_address>0x8ca2</load_address>
         <run_address>0x8ca2</run_address>
         <size>0x39</size>
         <input_file_ref idref="fl-13c"/>
      </object_component>
      <object_component id="oc-12c">
         <name>.debug_info</name>
         <load_address>0x8cdb</load_address>
         <run_address>0x8cdb</run_address>
         <size>0x147</size>
         <input_file_ref idref="fl-13d"/>
      </object_component>
      <object_component id="oc-8f">
         <name>.debug_info</name>
         <load_address>0x8e22</load_address>
         <run_address>0x8e22</run_address>
         <size>0x148</size>
         <input_file_ref idref="fl-13d"/>
      </object_component>
      <object_component id="oc-1d5">
         <name>.debug_info</name>
         <load_address>0x8f6a</load_address>
         <run_address>0x8f6a</run_address>
         <size>0x5e</size>
         <input_file_ref idref="fl-13d"/>
      </object_component>
      <object_component id="oc-2e7">
         <name>.debug_info</name>
         <load_address>0x8fc8</load_address>
         <run_address>0x8fc8</run_address>
         <size>0xf5</size>
         <input_file_ref idref="fl-13e"/>
      </object_component>
      <object_component id="oc-28b">
         <name>.debug_info</name>
         <load_address>0x90bd</load_address>
         <run_address>0x90bd</run_address>
         <size>0x152</size>
         <input_file_ref idref="fl-13e"/>
      </object_component>
      <object_component id="oc-124">
         <name>.debug_info</name>
         <load_address>0x920f</load_address>
         <run_address>0x920f</run_address>
         <size>0x29e</size>
         <input_file_ref idref="fl-13f"/>
      </object_component>
      <object_component id="oc-88">
         <name>.debug_info</name>
         <load_address>0x94ad</load_address>
         <run_address>0x94ad</run_address>
         <size>0x158</size>
         <input_file_ref idref="fl-13f"/>
      </object_component>
      <object_component id="oc-1b6">
         <name>.debug_info</name>
         <load_address>0x9605</load_address>
         <run_address>0x9605</run_address>
         <size>0x39</size>
         <input_file_ref idref="fl-13f"/>
      </object_component>
      <object_component id="oc-1bb">
         <name>.debug_info</name>
         <load_address>0x963e</load_address>
         <run_address>0x963e</run_address>
         <size>0xcd</size>
         <input_file_ref idref="fl-13f"/>
      </object_component>
      <object_component id="oc-1b3">
         <name>.debug_info</name>
         <load_address>0x970b</load_address>
         <run_address>0x970b</run_address>
         <size>0x1c1</size>
         <input_file_ref idref="fl-140"/>
      </object_component>
      <object_component id="oc-11f">
         <name>.debug_info</name>
         <load_address>0x98cc</load_address>
         <run_address>0x98cc</run_address>
         <size>0x164</size>
         <input_file_ref idref="fl-140"/>
      </object_component>
      <object_component id="oc-225">
         <name>.debug_info</name>
         <load_address>0x9a30</load_address>
         <run_address>0x9a30</run_address>
         <size>0x2c</size>
         <input_file_ref idref="fl-140"/>
      </object_component>
      <object_component id="oc-318">
         <name>.debug_info</name>
         <load_address>0x9a5c</load_address>
         <run_address>0x9a5c</run_address>
         <size>0xcf</size>
         <input_file_ref idref="fl-141"/>
      </object_component>
      <object_component id="oc-2e4">
         <name>.debug_info</name>
         <load_address>0x9b2b</load_address>
         <run_address>0x9b2b</run_address>
         <size>0xdb</size>
         <input_file_ref idref="fl-141"/>
      </object_component>
      <object_component id="oc-266">
         <name>.debug_info</name>
         <load_address>0x9c06</load_address>
         <run_address>0x9c06</run_address>
         <size>0x129</size>
         <input_file_ref idref="fl-143"/>
      </object_component>
      <object_component id="oc-243">
         <name>.debug_info</name>
         <load_address>0x9d2f</load_address>
         <run_address>0x9d2f</run_address>
         <size>0x105</size>
         <input_file_ref idref="fl-144"/>
      </object_component>
      <object_component id="oc-253">
         <name>.debug_info</name>
         <load_address>0x9e34</load_address>
         <run_address>0x9e34</run_address>
         <size>0x107</size>
         <input_file_ref idref="fl-144"/>
      </object_component>
      <object_component id="oc-24e">
         <name>.debug_info</name>
         <load_address>0x9f3b</load_address>
         <run_address>0x9f3b</run_address>
         <size>0x117</size>
         <input_file_ref idref="fl-145"/>
      </object_component>
      <object_component id="oc-249">
         <name>.debug_info</name>
         <load_address>0xa052</load_address>
         <run_address>0xa052</run_address>
         <size>0x117</size>
         <input_file_ref idref="fl-146"/>
      </object_component>
      <object_component id="oc-257">
         <name>.debug_info</name>
         <load_address>0xa169</load_address>
         <run_address>0xa169</run_address>
         <size>0x10b</size>
         <input_file_ref idref="fl-147"/>
      </object_component>
      <object_component id="oc-2ce">
         <name>.debug_info</name>
         <load_address>0xa274</load_address>
         <run_address>0xa274</run_address>
         <size>0xfe</size>
         <input_file_ref idref="fl-14a"/>
      </object_component>
      <object_component id="oc-26e">
         <name>.debug_info</name>
         <load_address>0xa372</load_address>
         <run_address>0xa372</run_address>
         <size>0x16e</size>
         <input_file_ref idref="fl-14a"/>
      </object_component>
      <object_component id="oc-261">
         <name>.debug_info</name>
         <load_address>0xa4e0</load_address>
         <run_address>0xa4e0</run_address>
         <size>0x109</size>
         <input_file_ref idref="fl-14b"/>
      </object_component>
      <object_component id="oc-2dc">
         <name>.debug_info</name>
         <load_address>0xa5e9</load_address>
         <run_address>0xa5e9</run_address>
         <size>0x142</size>
         <input_file_ref idref="fl-14c"/>
      </object_component>
      <object_component id="oc-272">
         <name>.debug_info</name>
         <load_address>0xa72b</load_address>
         <run_address>0xa72b</run_address>
         <size>0x165</size>
         <input_file_ref idref="fl-14c"/>
      </object_component>
      <object_component id="oc-2c4">
         <name>.debug_info</name>
         <load_address>0xa890</load_address>
         <run_address>0xa890</run_address>
         <size>0x12d</size>
         <input_file_ref idref="fl-14e"/>
      </object_component>
      <object_component id="oc-25e">
         <name>.debug_info</name>
         <load_address>0xa9bd</load_address>
         <run_address>0xa9bd</run_address>
         <size>0x1a3</size>
         <input_file_ref idref="fl-14e"/>
      </object_component>
      <object_component id="oc-2e2">
         <name>.debug_info</name>
         <load_address>0xab60</load_address>
         <run_address>0xab60</run_address>
         <size>0xd2</size>
         <input_file_ref idref="fl-14f"/>
      </object_component>
      <object_component id="oc-283">
         <name>.debug_info</name>
         <load_address>0xac32</load_address>
         <run_address>0xac32</run_address>
         <size>0x18c</size>
         <input_file_ref idref="fl-14f"/>
      </object_component>
      <object_component id="oc-2de">
         <name>.debug_info</name>
         <load_address>0xadbe</load_address>
         <run_address>0xadbe</run_address>
         <size>0xd6</size>
         <input_file_ref idref="fl-151"/>
      </object_component>
      <object_component id="oc-278">
         <name>.debug_info</name>
         <load_address>0xae94</load_address>
         <run_address>0xae94</run_address>
         <size>0x211</size>
         <input_file_ref idref="fl-151"/>
      </object_component>
      <object_component id="oc-23d">
         <name>.debug_info</name>
         <load_address>0xb0a5</load_address>
         <run_address>0xb0a5</run_address>
         <size>0x162</size>
         <input_file_ref idref="fl-155"/>
      </object_component>
      <object_component id="oc-2e0">
         <name>.debug_info</name>
         <load_address>0xb207</load_address>
         <run_address>0xb207</run_address>
         <size>0xf3</size>
         <input_file_ref idref="fl-156"/>
      </object_component>
      <object_component id="oc-27d">
         <name>.debug_info</name>
         <load_address>0xb2fa</load_address>
         <run_address>0xb2fa</run_address>
         <size>0x13a</size>
         <input_file_ref idref="fl-156"/>
      </object_component>
      <object_component id="oc-303">
         <name>.debug_info</name>
         <load_address>0xb434</load_address>
         <run_address>0xb434</run_address>
         <size>0x111</size>
         <input_file_ref idref="fl-157"/>
      </object_component>
      <object_component id="oc-2d2">
         <name>.debug_info</name>
         <load_address>0xb545</load_address>
         <run_address>0xb545</run_address>
         <size>0x192</size>
         <input_file_ref idref="fl-157"/>
      </object_component>
      <object_component id="oc-323">
         <name>.debug_info</name>
         <load_address>0xb6d7</load_address>
         <run_address>0xb6d7</run_address>
         <size>0x86</size>
         <input_file_ref idref="fl-157"/>
      </object_component>
      <object_component id="oc-2fc">
         <name>.debug_info</name>
         <load_address>0xb75d</load_address>
         <run_address>0xb75d</run_address>
         <size>0xfb</size>
         <input_file_ref idref="fl-158"/>
      </object_component>
      <object_component id="oc-2ca">
         <name>.debug_info</name>
         <load_address>0xb858</load_address>
         <run_address>0xb858</run_address>
         <size>0x173</size>
         <input_file_ref idref="fl-158"/>
      </object_component>
      <object_component id="oc-2d6">
         <name>.debug_info</name>
         <load_address>0xb9cb</load_address>
         <run_address>0xb9cb</run_address>
         <size>0x153</size>
         <input_file_ref idref="fl-159"/>
      </object_component>
      <object_component id="oc-300">
         <name>.debug_info</name>
         <load_address>0xbb1e</load_address>
         <run_address>0xbb1e</run_address>
         <size>0x1b5</size>
         <input_file_ref idref="fl-15a"/>
      </object_component>
      <object_component id="oc-30b">
         <name>.debug_info</name>
         <load_address>0xbcd3</load_address>
         <run_address>0xbcd3</run_address>
         <size>0xd6</size>
         <input_file_ref idref="fl-15c"/>
[...]
      <symbol id="sm-1bd">
         <name>m9</name>
         <value>0x200003d0</value>
      </symbol>
      <symbol id="sm-1be">
         <name>m10</name>
         <value>0x20000310</value>
      </symbol>
      <symbol id="sm-1bf">
         <name>m11</name>
         <value>0x20000320</value>
      </symbol>
      <symbol id="sm-1c0">
         <name>m12</name>
         <value>0x20000330</value>
      </symbol>
      <symbol id="sm-1c1">
         <name>m13</name>
         <value>0x20000340</value>
      </symbol>
      <symbol id="sm-1c2">
         <name>m14</name>
         <value>0x20000350</value>
      </symbol>
      <symbol id="sm-1c3">
         <name>gps_point_member_clear</name>
         <value>0x23a1</value>
         <object_component_ref idref="oc-189"/>
      </symbol>
      <symbol id="sm-1c4">
         <name>cell_power_off</name>
         <value>0x2815</value>
         <object_component_ref idref="oc-169"/>
      </symbol>
      <symbol id="sm-1c5">
         <name>split_fields</name>
         <value>0x2000012c</value>
         <object_component_ref idref="oc-f0"/>
      </symbol>
      <symbol id="sm-1c6">
         <name>UART5IntHandler</name>
         <value>0x1e5d</value>
         <object_component_ref idref="oc-4b"/>
      </symbol>
      <symbol id="sm-1c7">
         <name>send_to_cell_module</name>
         <value>0x28b5</value>
         <object_component_ref idref="oc-181"/>
      </symbol>
      <symbol id="sm-1c8">
         <name>UART7IntHandler</name>
         <value>0x2651</value>
         <object_component_ref idref="oc-51"/>
      </symbol>
      <symbol id="sm-1c9">
         <name>gps_point_valid</name>
         <value>0x2a75</value>
         <object_component_ref idref="oc-c6"/>
      </symbol>
      <symbol id="sm-1ca">
         <name>UART0IntHandler</name>
         <value>0x1d65</value>
         <object_component_ref idref="oc-45"/>
      </symbol>
      <symbol id="sm-1cb">
         <name>next_letter_loc</name>
         <value>0x20000510</value>
         <object_component_ref idref="oc-af"/>
      </symbol>
      <symbol id="sm-1cc">
         <name>clear_gps_buffer_glob</name>
         <value>0x2e49</value>
         <object_component_ref idref="oc-e4"/>
      </symbol>
      <symbol id="sm-1cd">
         <name>uart_0_flag</name>
         <value>0x20000528</value>
         <object_component_ref idref="oc-af"/>
      </symbol>
      <symbol id="sm-1ce">
         <name>uart_0_pos</name>
         <value>0x20000524</value>
         <object_component_ref idref="oc-af"/>
      </symbol>
      <symbol id="sm-1cf">
         <name>gps_point_create</name>
         <value>0x24a1</value>
         <object_component_ref idref="oc-de"/>
      </symbol>
      <symbol id="sm-1d0">
         <name>cell_num_target</name>
         <value>0x2000052c</value>
         <object_component_ref idref="oc-af"/>
      </symbol>
      <symbol id="sm-1d1">
         <name>cell_return_buffer_loc</name>
         <value>0x20000538</value>
         <object_component_ref idref="oc-af"/>
      </symbol>
      <symbol id="sm-1d2">
         <name>clear_point_str_buffer</name>
         <value>0x2de9</value>
         <object_component_ref idref="oc-d8"/>
      </symbol>
      <symbol id="sm-1d3">
         <name>send_sms_msg</name>
         <value>0x2201</value>
         <object_component_ref idref="oc-d2"/>
      </symbol>
      <symbol id="sm-1d4">
         <name>main</name>
         <value>0x1329</value>
         <object_component_ref idref="oc-125"/>
      </symbol>
      <symbol id="sm-1d5">
         <name>cell_power_toggle</name>
         <value>0x276d</value>
         <object_component_ref idref="oc-16f"/>
      </symbol>
      <symbol id="sm-1d6">
         <name>uart_0_buffer</name>
         <value>0x20000515</value>
         <object_component_ref idref="oc-af"/>
      </symbol>
      <symbol id="sm-1d7">
         <name>gps_point_modify</name>
         <value>0x1f41</value>
         <object_component_ref idref="oc-c0"/>
      </symbol>
      <symbol id="sm-1d8">
         <name>get_cell_status</name>
         <value>0x2d09</value>
         <object_component_ref idref="oc-216"/>
      </symbol>
      <symbol id="sm-1d9">
         <name>line_start</name>
         <value>0x20000514</value>
         <object_component_ref idref="oc-af"/>
      </symbol>
      <symbol id="sm-1da">
         <name>point_str_buffer</name>
         <value>0x20000000</value>
         <object_component_ref idref="oc-f3"/>
      </symbol>
      <symbol id="sm-1db">
         <name>init_memory</name>
         <value>0x2c1d</value>
         <object_component_ref idref="oc-1cc"/>
      </symbol>
      <symbol id="sm-1dc">
         <name>UARTSend0</name>
         <value>0x2bb5</value>
         <object_component_ref idref="oc-a9"/>
      </symbol>
      <symbol id="sm-1dd">
         <name>point</name>
         <value>0x200002c8</value>
         <object_component_ref idref="oc-ed"/>
      </symbol>
      <symbol id="sm-1de">
         <name>gps_buffer_glob</name>
         <value>0x20000262</value>
         <object_component_ref idref="oc-ea"/>
      </symbol>
      <symbol id="sm-1df">
         <name>readMemory</name>
         <value>0x29e5</value>
         <object_component_ref idref="oc-17b"/>
      </symbol>
      <symbol id="sm-1e0">
         <name>writeMemory</name>
         <value>0x2b79</value>
         <object_component_ref idref="oc-a3"/>
      </symbol>
      <symbol id="sm-1e1">
         <name>set_text_mode</name>
         <value>0x2d61</value>
         <object_component_ref idref="oc-175"/>
      </symbol>
      <symbol id="sm-1e2">
         <name>cell_return_buffer</name>
         <value>0x200001fe</value>
         <object_component_ref idref="oc-fe"/>
      </symbol>
      <symbol id="sm-1e3">
         <name>get_point_str</name>
         <value>0x2169</value>
         <object_component_ref idref="oc-cc"/>
      </symbol>
      <symbol id="sm-219">
         <name>ResetISR</name>
         <value>0x2ecb</value>
         <object_component_ref idref="oc-2d"/>
      </symbol>
      <symbol id="sm-21a">
         <name>g_pfnVectors</name>
         <value>0x0</value>
         <object_component_ref idref="oc-f"/>
      </symbol>
      <symbol id="sm-22c">
         <name>_c_int00</name>
         <value>0x2865</value>
         <object_component_ref idref="oc-24"/>
      </symbol>
      <symbol id="sm-22d">
         <name>__stack</name>
         <value>0x20000560</value>
         <object_component_ref idref="oc-29"/>
      </symbol>
      <symbol id="sm-244">
         <name>__TI_decompress_none</name>
         <value>0x2e99</value>
         <object_component_ref idref="oc-12"/>
      </symbol>
      <symbol id="sm-26c">
         <name>__TI_decompress_rle24</name>
         <value>0x2ed7</value>
         <object_component_ref idref="oc-18"/>
      </symbol>
      <symbol id="sm-27e">
         <name>__TI_zero_init</name>
         <value>0x2eb3</value>
         <object_component_ref idref="oc-1e"/>
      </symbol>
      <symbol id="sm-29d">
         <name>C$$EXIT</name>
         <value>0x2ab9</value>
         <object_component_ref idref="oc-91"/>
      </symbol>
      <symbol id="sm-29e">
         <name>abort</name>
         <value>0x2abd</value>
         <object_component_ref idref="oc-91"/>
      </symbol>
      <symbol id="sm-29f">
         <name>exit</name>
         <value>0x2ac5</value>
         <object_component_ref idref="oc-91"/>
      </symbol>
      <symbol id="sm-2a0">
         <name>__TI_dtors_ptr</name>
         <value>0x2000054c</value>
         <object_component_ref idref="oc-130"/>
      </symbol>
      <symbol id="sm-2a1">
         <name>__TI_cleanup_ptr</name>
         <value>0x20000548</value>
         <object_component_ref idref="oc-130"/>
      </symbol>
      <symbol id="sm-2bc">
         <name>memcpy</name>
         <value>0x20cd</value>
         <object_component_ref idref="oc-5a"/>
      </symbol>
      <symbol id="sm-2bd">
         <name>__aeabi_memcpy</name>
         <value>0x20cd</value>
         <object_component_ref idref="oc-5a"/>
      </symbol>
      <symbol id="sm-2be">
         <name>__aeabi_memcpy8</name>
         <value>0x20cd</value>
         <object_component_ref idref="oc-5a"/>
      </symbol>
      <symbol id="sm-2bf">
         <name>__aeabi_memcpy4</name>
         <value>0x20cd</value>
         <object_component_ref idref="oc-5a"/>
      </symbol>
      <symbol id="sm-2d7">
         <name>_sys_memory</name>
         <value>0x20000660</value>
         <object_component_ref idref="oc-2a"/>
      </symbol>
      <symbol id="sm-2e6">
         <name>__aeabi_memset</name>
         <value>0x2429</value>
         <object_component_ref idref="oc-73"/>
      </symbol>
      <symbol id="sm-2e7">
         <name>memset</name>
         <value>0x242f</value>
         <object_component_ref idref="oc-73"/>
      </symbol>
      <symbol id="sm-2e8">
         <name>__aeabi_memset8</name>
         <value>0x2429</value>
         <object_component_ref idref="oc-73"/>
      </symbol>
      <symbol id="sm-2e9">
         <name>__aeabi_memset4</name>
         <value>0x2429</value>
         <object_component_ref idref="oc-73"/>
      </symbol>
      <symbol id="sm-2ea">
         <name>__aeabi_memclr8</name>
         <value>0x2427</value>
         <object_component_ref idref="oc-73"/>
      </symbol>
      <symbol id="sm-2eb">
         <name>__aeabi_memclr4</name>
         <value>0x2427</value>
         <object_component_ref idref="oc-73"/>
      </symbol>
      <symbol id="sm-2ec">
         <name>__aeabi_memclr</name>
         <value>0x2427</value>
         <object_component_ref idref="oc-73"/>
      </symbol>
      <symbol id="sm-2f6">
         <name>_system_pre_init</name>
         <value>0x2edd</value>
         <object_component_ref idref="oc-7f"/>
      </symbol>
      <symbol id="sm-310">
         <name>sprintf</name>
         <value>0x26b5</value>
         <object_component_ref idref="oc-15c"/>
      </symbol>
      <symbol id="sm-318">
         <name>main_func_sp</name>
         <value>0x2000055c</value>
         <object_component_ref idref="oc-97"/>
      </symbol>
      <symbol id="sm-328">
         <name>strcat</name>
         <value>0x2daf</value>
         <object_component_ref idref="oc-162"/>
      </symbol>
      <symbol id="sm-337">
         <name>strcmp</name>
         <value>0x2e19</value>
         <object_component_ref idref="oc-2a4"/>
      </symbol>
      <symbol id="sm-345">
         <name>strcpy</name>
         <value>0x2e71</value>
         <object_component_ref idref="oc-152"/>
      </symbol>
      <symbol id="sm-353">
         <name>strlen</name>
         <value>0x2e85</value>
         <object_component_ref idref="oc-1f9"/>
      </symbol>
      <symbol id="sm-364">
         <name>strpbrk</name>
         <value>0x2d89</value>
         <object_component_ref idref="oc-1f3"/>
      </symbol>
      <symbol id="sm-37d">
         <name>_nop</name>
         <value>0x2e6b</value>
         <object_component_ref idref="oc-1da"/>
      </symbol>
      <symbol id="sm-37e">
         <name>_lock</name>
         <value>0x20000540</value>
         <object_component_ref idref="oc-12d"/>
      </symbol>
      <symbol id="sm-37f">
         <name>_unlock</name>
         <value>0x20000544</value>
         <object_component_ref idref="oc-12d"/>
      </symbol>
      <symbol id="sm-380">
         <name>_register_lock</name>
         <value>0x2e63</value>
         <object_component_ref idref="oc-1da"/>
      </symbol>
      <symbol id="sm-381">
         <name>_register_unlock</name>
         <value>0x2e5d</value>
         <object_component_ref idref="oc-1da"/>
      </symbol>
      <symbol id="sm-486">
         <name>__TI_printfi</name>
         <value>0x1021</value>
         <object_component_ref idref="oc-1ff"/>
      </symbol>
      <symbol id="sm-49b">
         <name>_args_main</name>
         <value>0x2e01</value>
         <object_component_ref idref="oc-8b"/>
      </symbol>
      <symbol id="sm-4b1">
         <name>atoi</name>
         <value>0x2905</value>
         <object_component_ref idref="oc-288"/>
      </symbol>
      <symbol id="sm-4d7">
         <name>__TI_auto_init</name>
         <value>0x2515</value>
         <object_component_ref idref="oc-85"/>
      </symbol>
      <symbol id="sm-4f1">
         <name>copy_in</name>
         <value>0x2951</value>
         <object_component_ref idref="oc-11d"/>
      </symbol>
      <symbol id="sm-4fc">
         <name>_ctypes_</name>
         <value>0x2ee0</value>
         <object_component_ref idref="oc-2e3"/>
      </symbol>
      <symbol id="sm-521">
         <name>__aeabi_dsub</name>
         <value>0x1761</value>
         <object_component_ref idref="oc-265"/>
      </symbol>
      <symbol id="sm-522">
         <name>__aeabi_dadd</name>
         <value>0x176b</value>
         <object_component_ref idref="oc-265"/>
      </symbol>
      <symbol id="sm-549">
         <name>__aeabi_cdcmpeq</name>
         <value>0x2295</value>
         <object_component_ref idref="oc-241"/>
      </symbol>
      <symbol id="sm-54a">
         <name>__aeabi_cdcmple</name>
         <value>0x2295</value>
         <object_component_ref idref="oc-241"/>
      </symbol>
      <symbol id="sm-54b">
         <name>__aeabi_cdrcmple</name>
         <value>0x231b</value>
         <object_component_ref idref="oc-250"/>
      </symbol>
      <symbol id="sm-56b">
         <name>__aeabi_ddiv</name>
         <value>0x1917</value>
         <object_component_ref idref="oc-24b"/>
      </symbol>
      <symbol id="sm-582">
         <name>__aeabi_dmul</name>
         <value>0x1c69</value>
         <object_component_ref idref="oc-246"/>
      </symbol>
      <symbol id="sm-590">
         <name>__aeabi_d2iz</name>
         <value>0x2a2d</value>
         <object_component_ref idref="oc-255"/>
      </symbol>
      <symbol id="sm-59f">
         <name>frexp</name>
         <value>0x2d35</value>
         <object_component_ref idref="oc-26a"/>
      </symbol>
      <symbol id="sm-5ab">
         <name>__aeabi_i2d</name>
         <value>0x2cad</value>
         <object_component_ref idref="oc-260"/>
      </symbol>
      <symbol id="sm-5bc">
         <name>ldexp</name>
         <value>0x27c1</value>
         <object_component_ref idref="oc-270"/>
      </symbol>
      <symbol id="sm-5d0">
         <name>ltoa</name>
         <value>0x2715</value>
         <object_component_ref idref="oc-25a"/>
      </symbol>
      <symbol id="sm-5e0">
         <name>memccpy</name>
         <value>0x2dcd</value>
         <object_component_ref idref="oc-282"/>
      </symbol>
      <symbol id="sm-5f1">
         <name>strchr</name>
         <value>0x2e31</value>
         <object_component_ref idref="oc-276"/>
      </symbol>
      <symbol id="sm-61e">
         <name>__aeabi_uldivmod</name>
         <value>0x156d</value>
         <object_component_ref idref="oc-23c"/>
      </symbol>
      <symbol id="sm-62c">
         <name>_Dclass</name>
         <value>0x2c4d</value>
         <object_component_ref idref="oc-27c"/>
      </symbol>
      <symbol id="sm-64d">
         <name>_Dscale</name>
         <value>0x1a4d</value>
         <object_component_ref idref="oc-2cf"/>
      </symbol>
      <symbol id="sm-661">
         <name>_Dunscale</name>
         <value>0x25eb</value>
         <object_component_ref idref="oc-2c7"/>
      </symbol>
      <symbol id="sm-670">
         <name>_Feraise</name>
         <value>0x2c7d</value>
         <object_component_ref idref="oc-2d5"/>
      </symbol>
      <symbol id="sm-680">
         <name>_Rteps</name>
         <value>0x200004f0</value>
         <object_component_ref idref="oc-2ff"/>
      </symbol>
      <symbol id="sm-681">
         <name>_Zero</name>
         <value>0x20000508</value>
         <object_component_ref idref="oc-2ff"/>
      </symbol>
      <symbol id="sm-682">
         <name>_Hugeval</name>
         <value>0x200004b0</value>
         <object_component_ref idref="oc-2ff"/>
      </symbol>
      <symbol id="sm-683">
         <name>_Snan</name>
         <value>0x200004e0</value>
         <object_component_ref idref="oc-2ff"/>
      </symbol>
      <symbol id="sm-684">
         <name>_Nan</name>
         <value>0x200004d0</value>
         <object_component_ref idref="oc-2ff"/>
      </symbol>
      <symbol id="sm-685">
         <name>_Inf</name>
         <value>0x200004c0</value>
         <object_component_ref idref="oc-2ff"/>
      </symbol>
      <symbol id="sm-686">
         <name>_Xbig</name>
         <value>0x20000500</value>
         <object_component_ref idref="oc-2ff"/>
      </symbol>
      <symbol id="sm-687">
         <name>_Eps</name>
         <value>0x200004a0</value>
         <object_component_ref idref="oc-2ff"/>
      </symbol>
      <symbol id="sm-688">
         <name>_Denorm</name>
         <value>0x20000490</value>
         <object_component_ref idref="oc-2ff"/>
      </symbol>
      <symbol id="sm-691">
         <name>_Errno</name>
         <value>0x20000558</value>
         <object_component_ref idref="oc-30a"/>
      </symbol>
      <symbol id="sm-6af">
         <name>feraiseexcept</name>
         <value>0x2be9</value>
         <object_component_ref idref="oc-304"/>
      </symbol>
      <symbol id="sm-6b0">
         <name>_Tls_setup__Fenv</name>
         <value>0x20000554</value>
         <object_component_ref idref="oc-330"/>
      </symbol>
      <symbol id="sm-6b1">
         <name>_Fenv</name>
         <value>0x20000550</value>
         <object_component_ref idref="oc-330"/>
      </symbol>
      <symbol id="sm-6c7">
         <name>raise</name>
         <value>0x2cdb</value>
         <object_component_ref idref="oc-32a"/>
      </symbol>
      <symbol id="sm-6e2">
         <name>signal</name>
         <value>0x2afd</value>
         <object_component_ref idref="oc-33a"/>
      </symbol>
      <symbol id="sm-6f7">
         <name>_Dnorm</name>
         <value>0x200f</value>
         <object_component_ref idref="oc-2f5"/>
      </symbol>
      <symbol id="sm-722">
         <name>GPIOPinConfigure</name>
         <value>0x299d</value>
         <object_component_ref idref="oc-1c6"/>
      </symbol>
      <symbol id="sm-723">
         <name>GPIOPinRead</name>
         <value>0x2ebf</value>
         <object_component_ref idref="oc-20e"/>
      </symbol>
      <symbol id="sm-724">
         <name>GPIOPinWrite</name>
         <value>0x2ec5</value>
         <object_component_ref idref="oc-1c0"/>
      </symbol>
      <symbol id="sm-756">
         <name>SysCtlDelay</name>
         <value>0x2ed1</value>
         <object_component_ref idref="oc-fd"/>
      </symbol>
      <symbol id="sm-757">
         <name>SysCtlClockGet</name>
         <value>0x1b5d</value>
         <object_component_ref idref="oc-f7"/>
      </symbol>
      <symbol id="sm-764">
         <name>UARTSpaceAvail</name>
         <value>0x2ea7</value>
         <object_component_ref idref="oc-147"/>
      </symbol>
      <symbol id="sm-766">
         <name>__TI_static_base__</name>
         <value>0x0</value>
      </symbol>
      <symbol id="sm-769">
         <name>SHT$$INIT_ARRAY$$Limit</name>
         <value>0x0</value>
      </symbol>
      <symbol id="sm-76a">
         <name>SHT$$INIT_ARRAY$$Base</name>
         <value>0x0</value>
      </symbol>
   </symbol_table>
   <title>Link successful</title>
</link_info>
