******************************************************************************
                  TI ARM Linker PC v5.2.5                      
******************************************************************************
>> Linked Sat Nov 07 21:29:05 2015

OUTPUT FILE NAME:   <ptd_senior_prog.out>
ENTRY POINT SYMBOL: "_c_int00"  address: 00002865


MEMORY CONFIGURATION

         name            origin    length      used     unused   attr    fill
----------------------  --------  ---------  --------  --------  ----  --------
  FLASH                 00000000   00040000  00003162  0003ce9e  R  X
  SRAM                  20000000   00008000  00000668  00007998  RW X


SEGMENT ALLOCATION MAP

run origin  load origin   length   init length attrs members
----------  ----------- ---------- ----------- ----- -------
00000000    00000000    00003168   00003168    r-x
  00000000    00000000    0000026c   0000026c    r-- .intvecs
  0000026c    0000026c    00002c74   00002c74    r-x .text
  00002ee0    00002ee0    0000020a   0000020a    r-- .const
  000030f0    000030f0    00000078   00000078    r-- .cinit
20000000    20000000    00000668   00000000    rw-
  20000000    20000000    000003e0   00000000    rw- .bss
  200003e0    200003e0    00000180   00000000    rw- .data
  20000560    20000560    00000100   00000000    rw- .stack
  20000660    20000660    00000008   00000000    rw- .sysmem


SECTION ALLOCATION MAP

 output                                  attributes/
section   page    origin      length       input sections
--------  ----  ----------  ----------   ----------------
.intvecs   0    00000000    0000026c     
                  00000000    0000026c     startup_ccs.obj (.intvecs)

.text      0    0000026c    00002c74     
                  0000026c    000010ba     rtsv7M4_T_le_v4SPD16_eabi.lib : _printfi.obj (.text)
                  00001326    00000002     startup_ccs.obj (.text:FaultISR)
                  00001328    00000244     ptd_driver.obj (.text:main)
                  0000156c    000001f4     rtsv7M4_T_le_v4SPD16_eabi.lib : ull_div_t2.obj (.text)
                  00001760    000001b6                                   : fd_add_t2.obj (.text)
                  00001916    00000136                                   : fd_div_t2.obj (.text)
                  00001a4c    00000110                                   : xdscale.obj (.text)
                  00001b5c    0000010c     driverlib.lib : sysctl.obj (.text:SysCtlClockGet)
                  00001c68    000000fc     rtsv7M4_T_le_v4SPD16_eabi.lib : fd_mul_t2.obj (.text)
                  00001d64    000000f8     ptd_driver.obj (.text:UART0IntHandler)
                  00001e5c    000000e4     ptd_driver.obj (.text:UART5IntHandler)
                  00001f40    000000ce     ptd_driver.obj (.text:gps_point_modify)
                  0000200e    000000be     rtsv7M4_T_le_v4SPD16_eabi.lib : xdnorm.obj (.text)
                  000020cc    0000009c                                   : memcpy_t2.obj (.text)
                  00002168    00000097     ptd_driver.obj (.text:get_point_str)
                  000021ff    00000001     --HOLE-- [fill = 0]
                  00002200    00000093     ptd_driver.obj (.text:send_sms_msg)
                  00002293    00000001     --HOLE-- [fill = 0]
                  00002294    00000086     rtsv7M4_T_le_v4SPD16_eabi.lib : fd_cmp_t2.obj (.text:__aeabi_cdcmple)
                  0000231a    00000086                                   : fd_cmp_t2.obj (.text:__aeabi_cdrcmple)
                  000023a0    00000086     ptd_driver.obj (.text:gps_point_member_clear)
                  00002426    0000007a     rtsv7M4_T_le_v4SPD16_eabi.lib : memset_t2.obj (.text)
                  000024a0    00000074     ptd_driver.obj (.text:gps_point_create)
                  00002514    0000006c     rtsv7M4_T_le_v4SPD16_eabi.lib : autoinit.obj (.text)
                  00002580    0000006a                                   : copy_decompress_rle.obj (.text)
                  000025ea    00000066                                   : xdunscal.obj (.text)
                  00002650    00000064     ptd_driver.obj (.text:UART7IntHandler)
                  000026b4    00000060     rtsv7M4_T_le_v4SPD16_eabi.lib : sprintf.obj (.text)
                  00002714    00000056                                   : ltoa.obj (.text)
                  0000276a    00000002     startup_ccs.obj (.text:IntDefaultHandler)
                  0000276c    00000054     ptd_driver.obj (.text:cell_power_toggle)
                  000027c0    00000052     rtsv7M4_T_le_v4SPD16_eabi.lib : ldexp.obj (.text)
                  00002812    00000002     startup_ccs.obj (.text:NmiSR)
                  00002814    00000050     ptd_driver.obj (.text:cell_power_off)
                  00002864    00000050     rtsv7M4_T_le_v4SPD16_eabi.lib : boot.obj (.text)
                  000028b4    00000050     ptd_driver.obj (.text:send_to_cell_module)
                  00002904    0000004c     rtsv7M4_T_le_v4SPD16_eabi.lib : atoi.obj (.text)
                  00002950    0000004c                                   : cpy_tbl.obj (.text)
                  0000299c    00000048     driverlib.lib : gpio.obj (.text:GPIOPinConfigure)
                  000029e4    00000048     ptd_driver.obj (.text:readMemory)
                  00002a2c    00000048     rtsv7M4_T_le_v4SPD16_eabi.lib : fd_toi_t2.obj (.text)
                  00002a74    00000044     ptd_driver.obj (.text:gps_point_valid)
                  00002ab8    00000044     rtsv7M4_T_le_v4SPD16_eabi.lib : exit.obj (.text)
                  00002afc    00000040                                   : signal.obj (.text)
                  00002b3c    0000003c     ptd_driver.obj (.text:strtok_single)
                  00002b78    0000003c     ptd_driver.obj (.text:writeMemory)
                  00002bb4    00000034     ptd_driver.obj (.text:UARTSend0)
                  00002be8    00000034     rtsv7M4_T_le_v4SPD16_eabi.lib : feraiseexcept.obj (.text)
                  00002c1c    00000030     ptd_driver.obj (.text:init_memory)
                  00002c4c    00000030     rtsv7M4_T_le_v4SPD16_eabi.lib : xdclass.obj (.text)
                  00002c7c    00000030                                   : xferaise.obj (.text)
                  00002cac    0000002e                                   : i_tofd_t2.obj (.text)
                  00002cda    0000002e                                   : raise.obj (.text)
                  00002d08    0000002c     ptd_driver.obj (.text:get_cell_status)
                  00002d34    0000002a     rtsv7M4_T_le_v4SPD16_eabi.lib : frexp.obj (.text)
                  00002d5e    00000002     --HOLE-- [fill = 0]
                  00002d60    00000028     ptd_driver.obj (.text:set_text_mode)
                  00002d88    00000026     rtsv7M4_T_le_v4SPD16_eabi.lib : strpbrk.obj (.text)
                  00002dae    0000001e                                   : strcat.obj (.text)
                  00002dcc    0000001c                                   : memccpy.obj (.text)
                  00002de8    00000018     ptd_driver.obj (.text:clear_point_str_buffer)
                  00002e00    00000018     rtsv7M4_T_le_v4SPD16_eabi.lib : args_main.obj (.text)
                  00002e18    00000018                                   : strcmp.obj (.text)
                  00002e30    00000016                                   : strchr.obj (.text)
                  00002e46    00000002     --HOLE-- [fill = 0]
                  00002e48    00000014     ptd_driver.obj (.text:clear_gps_buffer_glob)
                  00002e5c    00000014     rtsv7M4_T_le_v4SPD16_eabi.lib : _lock.obj (.text)
                  00002e70    00000014                                   : strcpy.obj (.text)
                  00002e84    00000014                                   : strlen.obj (.text)
                  00002e98    0000000e                                   : copy_decompress_none.obj (.text:decompress:none)
                  00002ea6    0000000c     driverlib.lib : uart.obj (.text:UARTSpaceAvail)
                  00002eb2    0000000c     rtsv7M4_T_le_v4SPD16_eabi.lib : copy_zero_init.obj (.text:decompress:ZI)
                  00002ebe    00000006     driverlib.lib : gpio.obj (.text:GPIOPinRead)
                  00002ec4    00000006                   : gpio.obj (.text:GPIOPinWrite)
                  00002eca    00000006     startup_ccs.obj (.text:ResetISR)
                  00002ed0    00000006     driverlib.lib : sysctl.obj (.text:SysCtlDelay)
                  00002ed6    00000006     rtsv7M4_T_le_v4SPD16_eabi.lib : copy_decompress_rle.obj (.text:decompress:rle24)
                  00002edc    00000004                                   : pre_init.obj (.text)

.const     0    00002ee0    0000020a     
                  00002ee0    00000101     rtsv7M4_T_le_v4SPD16_eabi.lib : ctype.obj (.const:.string:_ctypes_)
                  00002fe1    00000003     --HOLE-- [fill = 0]
                  00002fe4    00000090     driverlib.lib : gpio.obj (.const:g_pui32GPIOBaseAddrs)
                  00003074    0000006c                   : sysctl.obj (.const:g_pui32Xtals)
                  000030e0    0000000a     ptd_driver.obj (.const:.string)

.cinit     0    000030f0    00000078     
                  000030f0    00000054     (.cinit..data.load) [load image, compression = rle]
                  00003144    0000000c     (__TI_handler_table)
                  00003150    00000008     (.cinit..bss.load) [load image, compression = zero_init]
                  00003158    00000010     (__TI_cinit_table)

.init_array 
*          0    00000000    00000000     UNINITIALIZED

.bss       0    20000000    000003e0     UNINITIALIZED
                  20000000    0000012c     ptd_driver.obj (.bss:point_str_buffer)
                  2000012c    000000d2     ptd_driver.obj (.bss:split_fields)
                  200001fe    00000064     ptd_driver.obj (.bss:cell_return_buffer)
                  20000262    00000064     ptd_driver.obj (.bss:gps_buffer_glob)
                  200002c6    00000002     --HOLE--
                  200002c8    00000038     ptd_driver.obj (.bss:point)
                  20000300    00000010     (.common:m1)
                  20000310    00000010     (.common:m10)
                  20000320    00000010     (.common:m11)
                  20000330    00000010     (.common:m12)
                  20000340    00000010     (.common:m13)
                  20000350    00000010     (.common:m14)
                  20000360    00000010     (.common:m2)
                  20000370    00000010     (.common:m3)
                  20000380    00000010     (.common:m4)
                  20000390    00000010     (.common:m5)
                  200003a0    00000010     (.common:m6)
                  200003b0    00000010     (.common:m7)
                  200003c0    00000010     (.common:m8)
                  200003d0    00000010     (.common:m9)

.TI.noinit 
*          0    20000000    00000000     UNINITIALIZED

.data      0    200003e0    00000180     UNINITIALIZED
                  200003e0    000000b0     rtsv7M4_T_le_v4SPD16_eabi.lib : signal.obj (.data:sigtable)
                  20000490    00000080                                   : xvalues.obj (.data)
                  20000510    00000030     ptd_driver.obj (.data)
                  20000540    00000008     rtsv7M4_T_le_v4SPD16_eabi.lib : _lock.obj (.data)
                  20000548    00000008                                   : exit.obj (.data)
                  20000550    00000008                                   : feraiseexcept.obj (.data)
                  20000558    00000004                                   : errno.obj (.data)
                  2000055c    00000004                                   : stkdepth_vars.obj (.data)

.TI.persistent 
*          0    200003e0    00000000     UNINITIALIZED

.stack     0    20000560    00000100     UNINITIALIZED
                  20000560    00000100     --HOLE--

.sysmem    0    20000660    00000008     UNINITIALIZED
                  20000660    00000008     rtsv7M4_T_le_v4SPD16_eabi.lib : memory.obj (.sysmem)


LINKER GENERATED COPY TABLES

__TI_cinit_table @ 00003158 records: 2, size/record: 8, table size: 16
	.data: load addr=000030f0, load size=00000054 bytes, run addr=200003e0, run size=00000180 bytes, compression=rle
	.bss: load addr=00003150, load size=00000008 bytes, run addr=20000000, run size=000003e0 bytes, compression=zero_init


LINKER GENERATED HANDLER TABLE

__TI_handler_table @ 00003144 records: 3, size/record: 4, table size: 12
	index: 0, handler: __TI_decompress_rle24
	index: 1, handler: __TI_decompress_none
	index: 2, handler: __TI_zero_init


GLOBAL SYMBOLS: SORTED ALPHABETICALLY BY Name 

address   name                    
-------   ----                    
00002ab9  C$$EXIT                 
0000299d  GPIOPinConfigure        
00002ebf  GPIOPinRead             
00002ec5  GPIOPinWrite            
00002ecb  ResetISR                
UNDEFED   SHT$$INIT_ARRAY$$Base   
UNDEFED   SHT$$INIT_ARRAY$$Limit  
00001b5d  SysCtlClockGet          
00002ed1  SysCtlDelay             
00001d65  UART0IntHandler         
00001e5d  UART5IntHandler         
00002651  UART7IntHandler         
00002bb5  UARTSend0               
00002ea7  UARTSpaceAvail          
00002c4d  _Dclass                 
20000490  _Denorm                 
0000200f  _Dnorm                  
00001a4d  _Dscale                 
000025eb  _Dunscale               
200004a0  _Eps                    
20000558  _Errno                  
20000550  _Fenv                   
00002c7d  _Feraise                
200004b0  _Hugeval                
200004c0  _Inf                    
200004d0  _Nan                    
200004f0  _Rteps                  
200004e0  _Snan                   
20000554  _Tls_setup__Fenv        
20000500  _Xbig                   
20000508  _Zero                   
20000660  __STACK_END             
00000100  __STACK_SIZE            
20000660  __STACK_TOP             
00000008  __SYSMEM_SIZE           
00003158  __TI_CINIT_Base         
00003168  __TI_CINIT_Limit        
00003144  __TI_Handler_Table_Base 
00003150  __TI_Handler_Table_Limit
00002515  __TI_auto_init          
20000548  __TI_cleanup_ptr        
00002e99  __TI_decompress_none    
00002ed7  __TI_decompress_rle24   
2000054c  __TI_dtors_ptr          
00001021  __TI_printfi            
00000000  __TI_static_base__      
00002eb3  __TI_zero_init          
00002295  __aeabi_cdcmpeq         
00002295  __aeabi_cdcmple         
0000231b  __aeabi_cdrcmple        
00002a2d  __aeabi_d2iz            
0000176b  __aeabi_dadd            
00001917  __aeabi_ddiv            
00001c69  __aeabi_dmul            
00001761  __aeabi_dsub            
00002cad  __aeabi_i2d             
00002427  __aeabi_memclr          
00002427  __aeabi_memclr4         
00002427  __aeabi_memclr8         
000020cd  __aeabi_memcpy          
000020cd  __aeabi_memcpy4         
000020cd  __aeabi_memcpy8         
00002429  __aeabi_memset          
00002429  __aeabi_memset4         
00002429  __aeabi_memset8         
0000156d  __aeabi_uldivmod        
ffffffff  __binit__               
ffffffff  __c_args__              
20000560  __stack                 
00002e01  _args_main              
00002865  _c_int00                
00002ee0  _ctypes_                
20000540  _lock                   
00002e6b  _nop                    
00002e63  _register_lock          
00002e5d  _register_unlock        
20000660  _sys_memory             
00002edd  _system_pre_init        
20000544  _unlock                 
00002abd  abort                   
00002905  atoi                    
ffffffff  binit                   
2000052c  cell_num_target         
00002815  cell_power_off          
0000276d  cell_power_toggle       
200001fe  cell_return_buffer      
20000538  cell_return_buffer_loc  
00002e49  clear_gps_buffer_glob   
00002de9  clear_point_str_buffer  
00002951  copy_in                 
00002ac5  exit                    
00002be9  feraiseexcept           
00002d35  frexp                   
00000000  g_pfnVectors            
00002d09  get_cell_status         
00002169  get_point_str           
20000262  gps_buffer_glob         
000024a1  gps_point_create        
000023a1  gps_point_member_clear  
00001f41  gps_point_modify        
00002a75  gps_point_valid         
00002c1d  init_memory             
000027c1  ldexp                   
20000514  line_start              
00002715  ltoa                    
20000300  m1                      
20000310  m10                     
20000320  m11                     
20000330  m12                     
20000340  m13                     
20000350  m14                     
20000360  m2                      
20000370  m3                      
20000380  m4                      
20000390  m5                      
200003a0  m6                      
200003b0  m7                      
200003c0  m8                      
200003d0  m9                      
00001329  main                    
2000055c  main_func_sp            
00002dcd  memccpy                 
000020cd  memcpy                  
0000242f  memset                  
20000510  next_letter_loc         
200002c8  point                   
20000000  point_str_buffer        
00002cdb  raise                   
000029e5  readMemory              
00002201  send_sms_msg            
000028b5  send_to_cell_module     
00002d61  set_text_mode           
00002afd  signal                  
2000012c  split_fields            
000026b5  sprintf                 
00002daf  strcat                  
00002e31  strchr                  
00002e19  strcmp                  
00002e71  strcpy                  
00002e85  strlen                  
00002d89  strpbrk                 
20000515  uart_0_buffer           
20000528  uart_0_flag             
20000524  uart_0_pos              
00002b79  writeMemory             


GLOBAL SYMBOLS: SORTED BY Symbol Address 

address   name                    
-------   ----                    
00000000  __TI_static_base__      
00000000  g_pfnVectors            
00000008  __SYSMEM_SIZE           
00000100  __STACK_SIZE            
00001021  __TI_printfi            
00001329  main                    
0000156d  __aeabi_uldivmod        
00001761  __aeabi_dsub            
0000176b  __aeabi_dadd            
00001917  __aeabi_ddiv            
00001a4d  _Dscale                 
00001b5d  SysCtlClockGet          
00001c69  __aeabi_dmul            
00001d65  UART0IntHandler         
00001e5d  UART5IntHandler         
00001f41  gps_point_modify        
0000200f  _Dnorm                  
000020cd  __aeabi_memcpy          
000020cd  __aeabi_memcpy4         
000020cd  __aeabi_memcpy8         
000020cd  memcpy                  
00002169  get_point_str           
00002201  send_sms_msg            
00002295  __aeabi_cdcmpeq         
00002295  __aeabi_cdcmple         
0000231b  __aeabi_cdrcmple        
000023a1  gps_point_member_clear  
00002427  __aeabi_memclr          
00002427  __aeabi_memclr4         
00002427  __aeabi_memclr8         
00002429  __aeabi_memset          
00002429  __aeabi_memset4         
00002429  __aeabi_memset8         
0000242f  memset                  
000024a1  gps_point_create        
00002515  __TI_auto_init          
000025eb  _Dunscale               
00002651  UART7IntHandler         
000026b5  sprintf                 
00002715  ltoa                    
0000276d  cell_power_toggle       
000027c1  ldexp                   
00002815  cell_power_off          
00002865  _c_int00                
000028b5  send_to_cell_module     
00002905  atoi                    
00002951  copy_in                 
0000299d  GPIOPinConfigure        
000029e5  readMemory              
00002a2d  __aeabi_d2iz            
00002a75  gps_point_valid         
00002ab9  C$$EXIT                 
00002abd  abort                   
00002ac5  exit                    
00002afd  signal                  
00002b79  writeMemory             
00002bb5  UARTSend0               
00002be9  feraiseexcept           
00002c1d  init_memory             
00002c4d  _Dclass                 
00002c7d  _Feraise                
00002cad  __aeabi_i2d             
00002cdb  raise                   
00002d09  get_cell_status         
00002d35  frexp                   
00002d61  set_text_mode           
00002d89  strpbrk                 
00002daf  strcat                  
00002dcd  memccpy                 
00002de9  clear_point_str_buffer  
00002e01  _args_main              
00002e19  strcmp                  
00002e31  strchr                  
00002e49  clear_gps_buffer_glob   
00002e5d  _register_unlock        
00002e63  _register_lock          
00002e6b  _nop                    
00002e71  strcpy                  
00002e85  strlen                  
00002e99  __TI_decompress_none    
00002ea7  UARTSpaceAvail          
00002eb3  __TI_zero_init          
00002ebf  GPIOPinRead             
00002ec5  GPIOPinWrite            
00002ecb  ResetISR                
00002ed1  SysCtlDelay             
00002ed7  __TI_decompress_rle24   
00002edd  _system_pre_init        
00002ee0  _ctypes_                
00003144  __TI_Handler_Table_Base 
00003150  __TI_Handler_Table_Limit
00003158  __TI_CINIT_Base         
00003168  __TI_CINIT_Limit        
20000000  point_str_buffer        
2000012c  split_fields            
200001fe  cell_return_buffer      
20000262  gps_buffer_glob         
200002c8  point                   
20000300  m1                      
20000310  m10                     
20000320  m11                     
20000330  m12                     
20000340  m13                     
20000350  m14                     
20000360  m2                      
20000370  m3                      
20000380  m4                      
20000390  m5                      
200003a0  m6                      
200003b0  m7                      
200003c0  m8                      
200003d0  m9                      
20000490  _Denorm                 
200004a0  _Eps                    
200004b0  _Hugeval                
200004c0  _Inf                    
200004d0  _Nan                    
200004e0  _Snan                   
200004f0  _Rteps                  
20000500  _Xbig                   
20000508  _Zero                   
20000510  next_letter_loc         
20000514  line_start              
20000515  uart_0_buffer           
20000524  uart_0_pos              
20000528  uart_0_flag             
2000052c  cell_num_target         
20000538  cell_return_buffer_loc  
20000540  _lock                   
20000544  _unlock                 
20000548  __TI_cleanup_ptr        
2000054c  __TI_dtors_ptr          
20000550  _Fenv                   
20000554  _Tls_setup__Fenv        
20000558  _Errno                  
2000055c  main_func_sp            
20000560  __stack                 
20000660  __STACK_END             
20000660  __STACK_TOP             
20000660  _sys_memory             
ffffffff  __binit__               
ffffffff  __c_args__              
ffffffff  binit                   
UNDEFED   SHT$$INIT_ARRAY$$Base   
UNDEFED   SHT$$INIT_ARRAY$$Limit  

[145 symbols]
